../RTD/src/Clock_Ip.c:190:13:Clock_Ip_NotificatonsEmptyCallback	0	static
../RTD/src/Clock_Ip.c:676:6:Clock_Ip_InitClock	48	static
../RTD/src/Clock_Ip.c:898:24:Clock_Ip_GetPllStatus	8	static
../RTD/src/Clock_Ip.c:958:6:Clock_Ip_DistributePll	24	static
../RTD/src/Clock_Ip.c:609:21:Clock_Ip_Init	8	static
../RTD/src/Clock_Ip.c:1018:6:Clock_Ip_DisableClockMonitor	0	static
../RTD/src/Clock_Ip.c:1034:24:Clock_Ip_GetClockMonitorStatus	0	static
../RTD/src/Clock_Ip.c:1049:6:Clock_Ip_ClearClockMonitorStatus	0	static
../RTD/src/Clock_Ip.c:1087:6:Clock_Ip_InstallNotificationsCallback	0	static
../RTD/src/Clock_Ip.c:1101:6:Clock_Ip_DisableModuleClock	0	static
../RTD/src/Clock_Ip.c:1117:6:Clock_Ip_EnableModuleClock	0	static
../RTD/src/Clock_Ip.c:1157:6:Clock_Ip_DisableFircInStandby	8	static
../RTD/src/Clock_Ip.c:1178:6:Clock_Ip_EnableFircInStandby	8	static
../RTD/src/Clock_Ip.c:1199:6:Clock_Ip_DisableSircInStandby	8	static
../RTD/src/Clock_Ip.c:1220:6:Clock_Ip_EnableSircInStandby	8	static
../RTD/src/Clock_Ip.c:1256:6:Clock_Ip_ReportClockErrors	0	static
../RTD/src/Clock_Ip.c:1267:6:Clock_Ip_StartTimeout	24	static
../RTD/src/Clock_Ip.c:1283:9:Clock_Ip_TimeoutExpired	16	static
../RTD/src/Clock_Ip.c:1294:8:Clock_Ip_GetConfiguredFrequencyValue	12	static
