../RTD/src/Lpuart_Uart_Ip.c:2031:13:Lpuart_Uart_Ip_PutData	16	static
../RTD/src/Lpuart_Uart_Ip.c:2090:13:Lpuart_Uart_Ip_GetData	8	static
../RTD/include/Lpuart_Uart_Ip_HwAccess.h:699:23:Lpuart_Uart_Ip_CheckTimeout.constprop	16	static
../RTD/include/Lpuart_Uart_Ip_HwAccess.h:687:20:Lpuart_Uart_Ip_StartTimeout.constprop	16	static
../RTD/src/Lpuart_Uart_Ip.c:1830:13:Lpuart_Uart_Ip_CompleteReceiveDataUsingInt	32	static
../RTD/src/Lpuart_Uart_Ip.c:1546:13:Lpuart_Uart_Ip_CompleteSendDataUsingInt	32	static
../RTD/src/Lpuart_Uart_Ip.c:243:6:Lpuart_Uart_Ip_Init	16	static
../RTD/src/Lpuart_Uart_Ip.c:327:27:Lpuart_Uart_Ip_Deinit	40	static
../RTD/src/Lpuart_Uart_Ip.c:379:27:Lpuart_Uart_Ip_SyncSend	48	static
../RTD/src/Lpuart_Uart_Ip.c:462:27:Lpuart_Uart_Ip_AsyncSend	32	static
../RTD/src/Lpuart_Uart_Ip.c:524:27:Lpuart_Uart_Ip_GetTransmitStatus	8	static
../RTD/src/Lpuart_Uart_Ip.c:579:27:Lpuart_Uart_Ip_AbortSendingData	16	static
../RTD/src/Lpuart_Uart_Ip.c:640:27:Lpuart_Uart_Ip_SyncReceive	104	static
../RTD/src/Lpuart_Uart_Ip.c:788:27:Lpuart_Uart_Ip_AsyncReceive	32	static
../RTD/src/Lpuart_Uart_Ip.c:850:27:Lpuart_Uart_Ip_GetReceiveStatus	8	static
../RTD/src/Lpuart_Uart_Ip.c:903:27:Lpuart_Uart_Ip_AbortReceivingData	16	static
../RTD/src/Lpuart_Uart_Ip.c:968:27:Lpuart_Uart_Ip_SetBaudRate	32	static
../RTD/src/Lpuart_Uart_Ip.c:1078:6:Lpuart_Uart_Ip_GetBaudRate	0	static
../RTD/src/Lpuart_Uart_Ip.c:1099:6:Lpuart_Uart_Ip_SetTxBuffer	0	static
../RTD/src/Lpuart_Uart_Ip.c:1125:6:Lpuart_Uart_Ip_SetRxBuffer	0	static
../RTD/src/Lpuart_Uart_Ip.c:1150:6:Lpuart_Uart_Ip_IrqHandler	40	static
