../RTD/src/SchM_Rm.c:318:8:Rm_schm_read_msr	0	static
../RTD/src/SchM_Rm.c:402:6:SchM_Enter_Rm_RM_EXCLUSIVE_AREA_00	8	static
../RTD/src/SchM_Rm.c:424:6:SchM_Exit_Rm_RM_EXCLUSIVE_AREA_00	8	static
../RTD/src/SchM_Rm.c:438:6:SchM_Enter_Rm_RM_EXCLUSIVE_AREA_01	8	static
../RTD/src/SchM_Rm.c:460:6:SchM_Exit_Rm_RM_EXCLUSIVE_AREA_01	8	static
../RTD/src/SchM_Rm.c:474:6:SchM_Enter_Rm_RM_EXCLUSIVE_AREA_02	8	static
../RTD/src/SchM_Rm.c:496:6:SchM_Exit_Rm_RM_EXCLUSIVE_AREA_02	8	static
../RTD/src/SchM_Rm.c:510:6:SchM_Enter_Rm_RM_EXCLUSIVE_AREA_03	8	static
../RTD/src/SchM_Rm.c:532:6:SchM_Exit_Rm_RM_EXCLUSIVE_AREA_03	8	static
../RTD/src/SchM_Rm.c:546:6:SchM_Enter_Rm_RM_EXCLUSIVE_AREA_04	8	static
../RTD/src/SchM_Rm.c:568:6:SchM_Exit_Rm_RM_EXCLUSIVE_AREA_04	8	static
../RTD/src/SchM_Rm.c:582:6:SchM_Enter_Rm_RM_EXCLUSIVE_AREA_05	8	static
../RTD/src/SchM_Rm.c:604:6:SchM_Exit_Rm_RM_EXCLUSIVE_AREA_05	8	static
../RTD/src/SchM_Rm.c:618:6:SchM_Enter_Rm_RM_EXCLUSIVE_AREA_06	8	static
../RTD/src/SchM_Rm.c:640:6:SchM_Exit_Rm_RM_EXCLUSIVE_AREA_06	8	static
../RTD/src/SchM_Rm.c:654:6:SchM_Enter_Rm_RM_EXCLUSIVE_AREA_07	8	static
../RTD/src/SchM_Rm.c:676:6:SchM_Exit_Rm_RM_EXCLUSIVE_AREA_07	8	static
../RTD/src/SchM_Rm.c:690:6:SchM_Enter_Rm_RM_EXCLUSIVE_AREA_08	8	static
../RTD/src/SchM_Rm.c:712:6:SchM_Exit_Rm_RM_EXCLUSIVE_AREA_08	8	static
../RTD/src/SchM_Rm.c:726:6:SchM_Enter_Rm_RM_EXCLUSIVE_AREA_09	8	static
../RTD/src/SchM_Rm.c:748:6:SchM_Exit_Rm_RM_EXCLUSIVE_AREA_09	8	static
../RTD/src/SchM_Rm.c:762:6:SchM_Enter_Rm_RM_EXCLUSIVE_AREA_10	8	static
../RTD/src/SchM_Rm.c:784:6:SchM_Exit_Rm_RM_EXCLUSIVE_AREA_10	8	static
../RTD/src/SchM_Rm.c:798:6:SchM_Enter_Rm_RM_EXCLUSIVE_AREA_11	8	static
../RTD/src/SchM_Rm.c:820:6:SchM_Exit_Rm_RM_EXCLUSIVE_AREA_11	8	static
../RTD/src/SchM_Rm.c:834:6:SchM_Enter_Rm_RM_EXCLUSIVE_AREA_12	8	static
../RTD/src/SchM_Rm.c:856:6:SchM_Exit_Rm_RM_EXCLUSIVE_AREA_12	8	static
