../RTD/src/SchM_Port.c:315:8:Port_schm_read_msr	0	static
../RTD/src/SchM_Port.c:399:6:SchM_Enter_Port_PORT_EXCLUSIVE_AREA_00	8	static
../RTD/src/SchM_Port.c:421:6:SchM_Exit_Port_PORT_EXCLUSIVE_AREA_00	8	static
../RTD/src/SchM_Port.c:435:6:SchM_Enter_Port_PORT_EXCLUSIVE_AREA_01	8	static
../RTD/src/SchM_Port.c:457:6:SchM_Exit_Port_PORT_EXCLUSIVE_AREA_01	8	static
../RTD/src/SchM_Port.c:471:6:SchM_Enter_Port_PORT_EXCLUSIVE_AREA_02	8	static
../RTD/src/SchM_Port.c:493:6:SchM_Exit_Port_PORT_EXCLUSIVE_AREA_02	8	static
../RTD/src/SchM_Port.c:507:6:SchM_Enter_Port_PORT_EXCLUSIVE_AREA_03	8	static
../RTD/src/SchM_Port.c:529:6:SchM_Exit_Port_PORT_EXCLUSIVE_AREA_03	8	static
../RTD/src/SchM_Port.c:543:6:SchM_Enter_Port_PORT_EXCLUSIVE_AREA_04	8	static
../RTD/src/SchM_Port.c:565:6:SchM_Exit_Port_PORT_EXCLUSIVE_AREA_04	8	static
../RTD/src/SchM_Port.c:579:6:SchM_Enter_Port_PORT_EXCLUSIVE_AREA_05	8	static
../RTD/src/SchM_Port.c:601:6:SchM_Exit_Port_PORT_EXCLUSIVE_AREA_05	8	static
../RTD/src/SchM_Port.c:615:6:SchM_Enter_Port_PORT_EXCLUSIVE_AREA_06	8	static
../RTD/src/SchM_Port.c:637:6:SchM_Exit_Port_PORT_EXCLUSIVE_AREA_06	8	static
../RTD/src/SchM_Port.c:651:6:SchM_Enter_Port_PORT_EXCLUSIVE_AREA_07	8	static
../RTD/src/SchM_Port.c:673:6:SchM_Exit_Port_PORT_EXCLUSIVE_AREA_07	8	static
../RTD/src/SchM_Port.c:687:6:SchM_Enter_Port_PORT_EXCLUSIVE_AREA_08	8	static
../RTD/src/SchM_Port.c:709:6:SchM_Exit_Port_PORT_EXCLUSIVE_AREA_08	8	static
../RTD/src/SchM_Port.c:723:6:SchM_Enter_Port_PORT_EXCLUSIVE_AREA_09	8	static
../RTD/src/SchM_Port.c:745:6:SchM_Exit_Port_PORT_EXCLUSIVE_AREA_09	8	static
../RTD/src/SchM_Port.c:759:6:SchM_Enter_Port_PORT_EXCLUSIVE_AREA_10	8	static
../RTD/src/SchM_Port.c:781:6:SchM_Exit_Port_PORT_EXCLUSIVE_AREA_10	8	static
