../RTD/src/SchM_Mcl.c:387:8:Mcl_schm_read_msr	0	static
../RTD/src/SchM_Mcl.c:471:6:SchM_Enter_Mcl_MCL_EXCLUSIVE_AREA_00	8	static
../RTD/src/SchM_Mcl.c:493:6:SchM_Exit_Mcl_MCL_EXCLUSIVE_AREA_00	8	static
../RTD/src/SchM_Mcl.c:507:6:SchM_Enter_Mcl_MCL_EXCLUSIVE_AREA_01	8	static
../RTD/src/SchM_Mcl.c:529:6:SchM_Exit_Mcl_MCL_EXCLUSIVE_AREA_01	8	static
../RTD/src/SchM_Mcl.c:543:6:SchM_Enter_Mcl_MCL_EXCLUSIVE_AREA_02	8	static
../RTD/src/SchM_Mcl.c:565:6:SchM_Exit_Mcl_MCL_EXCLUSIVE_AREA_02	8	static
../RTD/src/SchM_Mcl.c:579:6:SchM_Enter_Mcl_MCL_EXCLUSIVE_AREA_03	8	static
../RTD/src/SchM_Mcl.c:601:6:SchM_Exit_Mcl_MCL_EXCLUSIVE_AREA_03	8	static
../RTD/src/SchM_Mcl.c:615:6:SchM_Enter_Mcl_MCL_EXCLUSIVE_AREA_04	8	static
../RTD/src/SchM_Mcl.c:637:6:SchM_Exit_Mcl_MCL_EXCLUSIVE_AREA_04	8	static
../RTD/src/SchM_Mcl.c:651:6:SchM_Enter_Mcl_MCL_EXCLUSIVE_AREA_05	8	static
../RTD/src/SchM_Mcl.c:673:6:SchM_Exit_Mcl_MCL_EXCLUSIVE_AREA_05	8	static
../RTD/src/SchM_Mcl.c:687:6:SchM_Enter_Mcl_MCL_EXCLUSIVE_AREA_06	8	static
../RTD/src/SchM_Mcl.c:709:6:SchM_Exit_Mcl_MCL_EXCLUSIVE_AREA_06	8	static
../RTD/src/SchM_Mcl.c:723:6:SchM_Enter_Mcl_MCL_EXCLUSIVE_AREA_07	8	static
../RTD/src/SchM_Mcl.c:745:6:SchM_Exit_Mcl_MCL_EXCLUSIVE_AREA_07	8	static
../RTD/src/SchM_Mcl.c:759:6:SchM_Enter_Mcl_MCL_EXCLUSIVE_AREA_08	8	static
../RTD/src/SchM_Mcl.c:781:6:SchM_Exit_Mcl_MCL_EXCLUSIVE_AREA_08	8	static
../RTD/src/SchM_Mcl.c:795:6:SchM_Enter_Mcl_MCL_EXCLUSIVE_AREA_09	8	static
../RTD/src/SchM_Mcl.c:817:6:SchM_Exit_Mcl_MCL_EXCLUSIVE_AREA_09	8	static
../RTD/src/SchM_Mcl.c:831:6:SchM_Enter_Mcl_MCL_EXCLUSIVE_AREA_10	8	static
../RTD/src/SchM_Mcl.c:853:6:SchM_Exit_Mcl_MCL_EXCLUSIVE_AREA_10	8	static
../RTD/src/SchM_Mcl.c:867:6:SchM_Enter_Mcl_MCL_EXCLUSIVE_AREA_11	8	static
../RTD/src/SchM_Mcl.c:889:6:SchM_Exit_Mcl_MCL_EXCLUSIVE_AREA_11	8	static
../RTD/src/SchM_Mcl.c:903:6:SchM_Enter_Mcl_MCL_EXCLUSIVE_AREA_12	8	static
../RTD/src/SchM_Mcl.c:925:6:SchM_Exit_Mcl_MCL_EXCLUSIVE_AREA_12	8	static
../RTD/src/SchM_Mcl.c:939:6:SchM_Enter_Mcl_MCL_EXCLUSIVE_AREA_13	8	static
../RTD/src/SchM_Mcl.c:961:6:SchM_Exit_Mcl_MCL_EXCLUSIVE_AREA_13	8	static
../RTD/src/SchM_Mcl.c:975:6:SchM_Enter_Mcl_MCL_EXCLUSIVE_AREA_14	8	static
../RTD/src/SchM_Mcl.c:997:6:SchM_Exit_Mcl_MCL_EXCLUSIVE_AREA_14	8	static
../RTD/src/SchM_Mcl.c:1011:6:SchM_Enter_Mcl_MCL_EXCLUSIVE_AREA_15	8	static
../RTD/src/SchM_Mcl.c:1033:6:SchM_Exit_Mcl_MCL_EXCLUSIVE_AREA_15	8	static
../RTD/src/SchM_Mcl.c:1047:6:SchM_Enter_Mcl_MCL_EXCLUSIVE_AREA_16	8	static
../RTD/src/SchM_Mcl.c:1069:6:SchM_Exit_Mcl_MCL_EXCLUSIVE_AREA_16	8	static
../RTD/src/SchM_Mcl.c:1083:6:SchM_Enter_Mcl_MCL_EXCLUSIVE_AREA_17	8	static
../RTD/src/SchM_Mcl.c:1105:6:SchM_Exit_Mcl_MCL_EXCLUSIVE_AREA_17	8	static
../RTD/src/SchM_Mcl.c:1119:6:SchM_Enter_Mcl_MCL_EXCLUSIVE_AREA_18	8	static
../RTD/src/SchM_Mcl.c:1141:6:SchM_Exit_Mcl_MCL_EXCLUSIVE_AREA_18	8	static
../RTD/src/SchM_Mcl.c:1155:6:SchM_Enter_Mcl_MCL_EXCLUSIVE_AREA_19	8	static
../RTD/src/SchM_Mcl.c:1177:6:SchM_Exit_Mcl_MCL_EXCLUSIVE_AREA_19	8	static
../RTD/src/SchM_Mcl.c:1191:6:SchM_Enter_Mcl_MCL_EXCLUSIVE_AREA_20	8	static
../RTD/src/SchM_Mcl.c:1213:6:SchM_Exit_Mcl_MCL_EXCLUSIVE_AREA_20	8	static
../RTD/src/SchM_Mcl.c:1227:6:SchM_Enter_Mcl_MCL_EXCLUSIVE_AREA_21	8	static
../RTD/src/SchM_Mcl.c:1249:6:SchM_Exit_Mcl_MCL_EXCLUSIVE_AREA_21	8	static
../RTD/src/SchM_Mcl.c:1263:6:SchM_Enter_Mcl_MCL_EXCLUSIVE_AREA_22	8	static
../RTD/src/SchM_Mcl.c:1285:6:SchM_Exit_Mcl_MCL_EXCLUSIVE_AREA_22	8	static
../RTD/src/SchM_Mcl.c:1299:6:SchM_Enter_Mcl_MCL_EXCLUSIVE_AREA_23	8	static
../RTD/src/SchM_Mcl.c:1321:6:SchM_Exit_Mcl_MCL_EXCLUSIVE_AREA_23	8	static
../RTD/src/SchM_Mcl.c:1335:6:SchM_Enter_Mcl_MCL_EXCLUSIVE_AREA_24	8	static
../RTD/src/SchM_Mcl.c:1357:6:SchM_Exit_Mcl_MCL_EXCLUSIVE_AREA_24	8	static
../RTD/src/SchM_Mcl.c:1371:6:SchM_Enter_Mcl_MCL_EXCLUSIVE_AREA_25	8	static
../RTD/src/SchM_Mcl.c:1393:6:SchM_Exit_Mcl_MCL_EXCLUSIVE_AREA_25	8	static
../RTD/src/SchM_Mcl.c:1407:6:SchM_Enter_Mcl_MCL_EXCLUSIVE_AREA_26	8	static
../RTD/src/SchM_Mcl.c:1429:6:SchM_Exit_Mcl_MCL_EXCLUSIVE_AREA_26	8	static
../RTD/src/SchM_Mcl.c:1443:6:SchM_Enter_Mcl_MCL_EXCLUSIVE_AREA_27	8	static
../RTD/src/SchM_Mcl.c:1465:6:SchM_Exit_Mcl_MCL_EXCLUSIVE_AREA_27	8	static
../RTD/src/SchM_Mcl.c:1479:6:SchM_Enter_Mcl_MCL_EXCLUSIVE_AREA_28	8	static
../RTD/src/SchM_Mcl.c:1501:6:SchM_Exit_Mcl_MCL_EXCLUSIVE_AREA_28	8	static
../RTD/src/SchM_Mcl.c:1515:6:SchM_Enter_Mcl_MCL_EXCLUSIVE_AREA_29	8	static
../RTD/src/SchM_Mcl.c:1537:6:SchM_Exit_Mcl_MCL_EXCLUSIVE_AREA_29	8	static
../RTD/src/SchM_Mcl.c:1551:6:SchM_Enter_Mcl_MCL_EXCLUSIVE_AREA_30	8	static
../RTD/src/SchM_Mcl.c:1573:6:SchM_Exit_Mcl_MCL_EXCLUSIVE_AREA_30	8	static
../RTD/src/SchM_Mcl.c:1587:6:SchM_Enter_Mcl_MCL_EXCLUSIVE_AREA_31	8	static
../RTD/src/SchM_Mcl.c:1609:6:SchM_Exit_Mcl_MCL_EXCLUSIVE_AREA_31	8	static
../RTD/src/SchM_Mcl.c:1623:6:SchM_Enter_Mcl_MCL_EXCLUSIVE_AREA_32	8	static
../RTD/src/SchM_Mcl.c:1645:6:SchM_Exit_Mcl_MCL_EXCLUSIVE_AREA_32	8	static
../RTD/src/SchM_Mcl.c:1659:6:SchM_Enter_Mcl_MCL_EXCLUSIVE_AREA_33	8	static
../RTD/src/SchM_Mcl.c:1681:6:SchM_Exit_Mcl_MCL_EXCLUSIVE_AREA_33	8	static
../RTD/src/SchM_Mcl.c:1695:6:SchM_Enter_Mcl_MCL_EXCLUSIVE_AREA_34	8	static
../RTD/src/SchM_Mcl.c:1717:6:SchM_Exit_Mcl_MCL_EXCLUSIVE_AREA_34	8	static
../RTD/src/SchM_Mcl.c:1731:6:SchM_Enter_Mcl_MCL_EXCLUSIVE_AREA_35	8	static
../RTD/src/SchM_Mcl.c:1753:6:SchM_Exit_Mcl_MCL_EXCLUSIVE_AREA_35	8	static
../RTD/src/SchM_Mcl.c:1767:6:SchM_Enter_Mcl_MCL_EXCLUSIVE_AREA_36	8	static
../RTD/src/SchM_Mcl.c:1789:6:SchM_Exit_Mcl_MCL_EXCLUSIVE_AREA_36	8	static
../RTD/src/SchM_Mcl.c:1803:6:SchM_Enter_Mcl_MCL_EXCLUSIVE_AREA_37	8	static
../RTD/src/SchM_Mcl.c:1825:6:SchM_Exit_Mcl_MCL_EXCLUSIVE_AREA_37	8	static
../RTD/src/SchM_Mcl.c:1839:6:SchM_Enter_Mcl_MCL_EXCLUSIVE_AREA_38	8	static
../RTD/src/SchM_Mcl.c:1861:6:SchM_Exit_Mcl_MCL_EXCLUSIVE_AREA_38	8	static
../RTD/src/SchM_Mcl.c:1875:6:SchM_Enter_Mcl_MCL_EXCLUSIVE_AREA_39	8	static
../RTD/src/SchM_Mcl.c:1897:6:SchM_Exit_Mcl_MCL_EXCLUSIVE_AREA_39	8	static
../RTD/src/SchM_Mcl.c:1911:6:SchM_Enter_Mcl_MCL_EXCLUSIVE_AREA_40	8	static
../RTD/src/SchM_Mcl.c:1933:6:SchM_Exit_Mcl_MCL_EXCLUSIVE_AREA_40	8	static
../RTD/src/SchM_Mcl.c:1947:6:SchM_Enter_Mcl_MCL_EXCLUSIVE_AREA_41	8	static
../RTD/src/SchM_Mcl.c:1969:6:SchM_Exit_Mcl_MCL_EXCLUSIVE_AREA_41	8	static
../RTD/src/SchM_Mcl.c:1983:6:SchM_Enter_Mcl_MCL_EXCLUSIVE_AREA_42	8	static
../RTD/src/SchM_Mcl.c:2005:6:SchM_Exit_Mcl_MCL_EXCLUSIVE_AREA_42	8	static
../RTD/src/SchM_Mcl.c:2019:6:SchM_Enter_Mcl_MCL_EXCLUSIVE_AREA_43	8	static
../RTD/src/SchM_Mcl.c:2041:6:SchM_Exit_Mcl_MCL_EXCLUSIVE_AREA_43	8	static
../RTD/src/SchM_Mcl.c:2055:6:SchM_Enter_Mcl_MCL_EXCLUSIVE_AREA_44	8	static
../RTD/src/SchM_Mcl.c:2077:6:SchM_Exit_Mcl_MCL_EXCLUSIVE_AREA_44	8	static
../RTD/src/SchM_Mcl.c:2091:6:SchM_Enter_Mcl_MCL_EXCLUSIVE_AREA_45	8	static
../RTD/src/SchM_Mcl.c:2113:6:SchM_Exit_Mcl_MCL_EXCLUSIVE_AREA_45	8	static
../RTD/src/SchM_Mcl.c:2127:6:SchM_Enter_Mcl_MCL_EXCLUSIVE_AREA_46	8	static
../RTD/src/SchM_Mcl.c:2149:6:SchM_Exit_Mcl_MCL_EXCLUSIVE_AREA_46	8	static
