Archive member included to satisfy reference by file (symbol)

c:/nxp/s32ds.3.4/s32ds/build_tools/gcc_v10.2/gcc-10.2-arm32-eabi/bin/../lib/gcc/arm-none-eabi/10.2.0/../../../../arm-none-eabi/lib/thumb/v7e-m+fp/hard\libc_nano.a(lib_a-memmove.o)
                              ./RTD/src/Siul2_Port_Ip.o (memmove)
c:/nxp/s32ds.3.4/s32ds/build_tools/gcc_v10.2/gcc-10.2-arm32-eabi/bin/../lib/gcc/arm-none-eabi/10.2.0/../../../../arm-none-eabi/lib/thumb/v7e-m+fp/hard\libc_nano.a(lib_a-memset.o)
                              ./Project_Settings/Startup_Code/startup.o (memset)
c:/nxp/s32ds.3.4/s32ds/build_tools/gcc_v10.2/gcc-10.2-arm32-eabi/bin/../lib/gcc/arm-none-eabi/10.2.0/thumb/v7e-m+fp/hard\libgcc.a(_aeabi_uldivmod.o)
                              ./RTD/src/OsIf_Timer_System.o (__aeabi_uldivmod)
c:/nxp/s32ds.3.4/s32ds/build_tools/gcc_v10.2/gcc-10.2-arm32-eabi/bin/../lib/gcc/arm-none-eabi/10.2.0/thumb/v7e-m+fp/hard\libgcc.a(_udivmoddi4.o)
                              c:/nxp/s32ds.3.4/s32ds/build_tools/gcc_v10.2/gcc-10.2-arm32-eabi/bin/../lib/gcc/arm-none-eabi/10.2.0/thumb/v7e-m+fp/hard\libgcc.a(_aeabi_uldivmod.o) (__udivmoddi4)
c:/nxp/s32ds.3.4/s32ds/build_tools/gcc_v10.2/gcc-10.2-arm32-eabi/bin/../lib/gcc/arm-none-eabi/10.2.0/thumb/v7e-m+fp/hard\libgcc.a(_dvmd_tls.o)
                              c:/nxp/s32ds.3.4/s32ds/build_tools/gcc_v10.2/gcc-10.2-arm32-eabi/bin/../lib/gcc/arm-none-eabi/10.2.0/thumb/v7e-m+fp/hard\libgcc.a(_aeabi_uldivmod.o) (__aeabi_ldiv0)

Discarded input sections

 .group         0x00000000        0xc ./Project_Settings/Startup_Code/exceptions.o
 .group         0x00000000        0xc ./Project_Settings/Startup_Code/exceptions.o
 .group         0x00000000        0xc ./Project_Settings/Startup_Code/exceptions.o
 .group         0x00000000        0xc ./Project_Settings/Startup_Code/exceptions.o
 .group         0x00000000        0xc ./Project_Settings/Startup_Code/exceptions.o
 .group         0x00000000        0xc ./Project_Settings/Startup_Code/exceptions.o
 .group         0x00000000        0xc ./Project_Settings/Startup_Code/exceptions.o
 .group         0x00000000        0xc ./Project_Settings/Startup_Code/exceptions.o
 .group         0x00000000        0xc ./Project_Settings/Startup_Code/exceptions.o
 .group         0x00000000        0xc ./Project_Settings/Startup_Code/exceptions.o
 .group         0x00000000        0xc ./Project_Settings/Startup_Code/exceptions.o
 .group         0x00000000        0xc ./Project_Settings/Startup_Code/exceptions.o
 .group         0x00000000        0xc ./Project_Settings/Startup_Code/exceptions.o
 .group         0x00000000        0xc ./Project_Settings/Startup_Code/exceptions.o
 .group         0x00000000        0xc ./Project_Settings/Startup_Code/exceptions.o
 .group         0x00000000        0xc ./Project_Settings/Startup_Code/exceptions.o
 .group         0x00000000        0xc ./Project_Settings/Startup_Code/exceptions.o
 .group         0x00000000        0xc ./Project_Settings/Startup_Code/exceptions.o
 .group         0x00000000        0xc ./Project_Settings/Startup_Code/exceptions.o
 .group         0x00000000        0xc ./Project_Settings/Startup_Code/exceptions.o
 .group         0x00000000        0xc ./Project_Settings/Startup_Code/exceptions.o
 .group         0x00000000        0xc ./Project_Settings/Startup_Code/exceptions.o
 .group         0x00000000        0xc ./Project_Settings/Startup_Code/exceptions.o
 .group         0x00000000        0xc ./Project_Settings/Startup_Code/exceptions.o
 .group         0x00000000        0xc ./Project_Settings/Startup_Code/exceptions.o
 .group         0x00000000        0xc ./Project_Settings/Startup_Code/nvic.o
 .group         0x00000000        0xc ./Project_Settings/Startup_Code/nvic.o
 .group         0x00000000        0xc ./Project_Settings/Startup_Code/nvic.o
 .group         0x00000000        0xc ./Project_Settings/Startup_Code/nvic.o
 .group         0x00000000        0xc ./Project_Settings/Startup_Code/nvic.o
 .group         0x00000000        0xc ./Project_Settings/Startup_Code/nvic.o
 .group         0x00000000        0xc ./Project_Settings/Startup_Code/nvic.o
 .group         0x00000000        0xc ./Project_Settings/Startup_Code/nvic.o
 .group         0x00000000        0xc ./Project_Settings/Startup_Code/nvic.o
 .group         0x00000000        0xc ./Project_Settings/Startup_Code/nvic.o
 .group         0x00000000        0xc ./Project_Settings/Startup_Code/nvic.o
 .group         0x00000000        0xc ./Project_Settings/Startup_Code/nvic.o
 .group         0x00000000        0xc ./Project_Settings/Startup_Code/nvic.o
 .group         0x00000000        0xc ./Project_Settings/Startup_Code/nvic.o
 .group         0x00000000        0xc ./Project_Settings/Startup_Code/nvic.o
 .group         0x00000000        0xc ./Project_Settings/Startup_Code/nvic.o
 .group         0x00000000        0xc ./Project_Settings/Startup_Code/nvic.o
 .group         0x00000000        0xc ./Project_Settings/Startup_Code/nvic.o
[...]
Memory Configuration

Name             Origin             Length             Attributes
int_flash        0x00400000         0x003d4000
int_itcm         0x00000000         0x00008000
int_dtcm         0x20000000         0x00010000
int_sram         0x20400000         0x0002df00
int_sram_fls_rsv 0x2042df00         0x00000100
int_sram_stack_c0 0x2042e000         0x00001000
int_sram_stack_c1 0x2042f000         0x00001000
int_sram_no_cacheable 0x20430000         0x0000ff00
int_sram_results 0x2043ff00         0x00000100
int_sram_shareable 0x20440000         0x00004000
ram_rsvd2        0x20444000         0x00000000
*default*        0x00000000         0xffffffff

Linker script and memory map

LOAD ./Project_Settings/Startup_Code/Vector_Table.o
LOAD ./Project_Settings/Startup_Code/exceptions.o
LOAD ./Project_Settings/Startup_Code/nvic.o
LOAD ./Project_Settings/Startup_Code/startup.o
LOAD ./Project_Settings/Startup_Code/startup_cm7.o
LOAD ./Project_Settings/Startup_Code/system.o
LOAD ./RTD/src/Cache_Ip.o
LOAD ./RTD/src/Cache_Ip_HwAcc_ArmCoreMx.o
LOAD ./RTD/src/Clock_Ip.o
LOAD ./RTD/src/Clock_Ip_Data.o
LOAD ./RTD/src/Clock_Ip_Divider.o
LOAD ./RTD/src/Clock_Ip_DividerTrigger.o
LOAD ./RTD/src/Clock_Ip_ExtOsc.o
LOAD ./RTD/src/Clock_Ip_FracDiv.o
LOAD ./RTD/src/Clock_Ip_Frequency.o
LOAD ./RTD/src/Clock_Ip_Gate.o
LOAD ./RTD/src/Clock_Ip_IntOsc.o
LOAD ./RTD/src/Clock_Ip_Irq.o
LOAD ./RTD/src/Clock_Ip_Monitor.o
LOAD ./RTD/src/Clock_Ip_Pll.o
LOAD ./RTD/src/Clock_Ip_ProgFreqSwitch.o
LOAD ./RTD/src/Clock_Ip_Selector.o
LOAD ./RTD/src/Clock_Ip_Specific.o
LOAD ./RTD/src/Det.o
LOAD ./RTD/src/Det_stub.o
LOAD ./RTD/src/Lpuart_Uart_Ip.o
LOAD ./RTD/src/Lpuart_Uart_Ip_Irq.o
LOAD ./RTD/src/Mpu_M7_Ip.o
LOAD ./RTD/src/OsIf_Timer.o
LOAD ./RTD/src/OsIf_Timer_System.o
LOAD ./RTD/src/OsIf_Timer_System_Internal_Systick.o
LOAD ./RTD/src/SchM_Dio.o
LOAD ./RTD/src/SchM_Mcl.o
LOAD ./RTD/src/SchM_Mcu.o
LOAD ./RTD/src/SchM_Port.o
LOAD ./RTD/src/SchM_Rm.o
LOAD ./RTD/src/SchM_Uart.o
LOAD ./RTD/src/Sema42_Ip.o
LOAD ./RTD/src/Siul2_Dio_Ip.o
LOAD ./RTD/src/Siul2_Port_Ip.o
LOAD ./RTD/src/Tspc_Port_Ip.o
LOAD ./RTD/src/Xrdc_Ip.o
LOAD ./board/Clock_Ip_Cfg.o
LOAD ./board/Clock_Ip_PBcfg.o
LOAD ./board/Siul2_Port_Ip_Cfg.o
LOAD ./board/Tspc_Port_Ip_Cfg.o
LOAD ./generate/include/OsIf_Cfg.o
LOAD ./generate/src/Lpuart_Uart_Ip_Sa_BOARD_InitPeripherals_PBcfg.o
LOAD ./generate/src/Mpu_M7_Ip_Cfg.o
LOAD ./generate/src/Xrdc_Ip_BOARD_InitPeripherals_PBcfg.o
LOAD ./generate/src/Xrdc_Ip_Cfg.o
LOAD ./src/main.o
LOAD ./src/main_c0.o
LOAD ./src/main_c1.o
LOAD c:/nxp/s32ds.3.4/s32ds/build_tools/gcc_v10.2/gcc-10.2-arm32-eabi/bin/../lib/gcc/arm-none-eabi/10.2.0/../../../../arm-none-eabi/lib/thumb/v7e-m+fp/hard\libc_nano.a
LOAD c:/nxp/s32ds.3.4/s32ds/build_tools/gcc_v10.2/gcc-10.2-arm32-eabi/bin/../lib/gcc/arm-none-eabi/10.2.0/../../../../arm-none-eabi/lib/thumb/v7e-m+fp/hard\libm.a
LOAD c:/nxp/s32ds.3.4/s32ds/build_tools/gcc_v10.2/gcc-10.2-arm32-eabi/bin/../lib/gcc/arm-none-eabi/10.2.0/thumb/v7e-m+fp/hard\libgcc.a
START GROUP
LOAD c:/nxp/s32ds.3.4/s32ds/build_tools/gcc_v10.2/gcc-10.2-arm32-eabi/bin/../lib/gcc/arm-none-eabi/10.2.0/thumb/v7e-m+fp/hard\libgcc.a
LOAD c:/nxp/s32ds.3.4/s32ds/build_tools/gcc_v10.2/gcc-10.2-arm32-eabi/bin/../lib/gcc/arm-none-eabi/10.2.0/../../../../arm-none-eabi/lib/thumb/v7e-m+fp/hard\libg_nano.a
LOAD c:/nxp/s32ds.3.4/s32ds/build_tools/gcc_v10.2/gcc-10.2-arm32-eabi/bin/../lib/gcc/arm-none-eabi/10.2.0/../../../../arm-none-eabi/lib/thumb/v7e-m+fp/hard\libc_nano.a
END GROUP
START GROUP
LOAD c:/nxp/s32ds.3.4/s32ds/build_tools/gcc_v10.2/gcc-10.2-arm32-eabi/bin/../lib/gcc/arm-none-eabi/10.2.0/thumb/v7e-m+fp/hard\libgcc.a
LOAD c:/nxp/s32ds.3.4/s32ds/build_tools/gcc_v10.2/gcc-10.2-arm32-eabi/bin/../lib/gcc/arm-none-eabi/10.2.0/../../../../arm-none-eabi/lib/thumb/v7e-m+fp/hard\libc_nano.a
LOAD c:/nxp/s32ds.3.4/s32ds/build_tools/gcc_v10.2/gcc-10.2-arm32-eabi/bin/../lib/gcc/arm-none-eabi/10.2.0/../../../../arm-none-eabi/lib/thumb/v7e-m+fp/hard\libnosys.a
END GROUP
START GROUP
LOAD c:/nxp/s32ds.3.4/s32ds/build_tools/gcc_v10.2/gcc-10.2-arm32-eabi/bin/../lib/gcc/arm-none-eabi/10.2.0/thumb/v7e-m+fp/hard\libgcc.a
LOAD c:/nxp/s32ds.3.4/s32ds/build_tools/gcc_v10.2/gcc-10.2-arm32-eabi/bin/../lib/gcc/arm-none-eabi/10.2.0/../../../../arm-none-eabi/lib/thumb/v7e-m+fp/hard\libc_nano.a
LOAD c:/nxp/s32ds.3.4/s32ds/build_tools/gcc_v10.2/gcc-10.2-arm32-eabi/bin/../lib/gcc/arm-none-eabi/10.2.0/../../../../arm-none-eabi/lib/thumb/v7e-m+fp/hard\libnosys.a
END GROUP
                0x00002000                HEAP_SIZE = DEFINED (__heap_size__)?__heap_size__:0x2000

.flash          0x00400000     0x9110
 *(.boot_header)
 .boot_header   0x00400000       0x2c ./Project_Settings/Startup_Code/startup_cm7.o
                0x00401000                . = ALIGN (0x1000)
 *fill*         0x0040002c      0xfd4 
                0x00401000                __text_start = .
                0x00401000                __interrupts_rom_start = .
 *(.intc_vector)
 .intc_vector   0x00401000      0x408 ./Project_Settings/Startup_Code/Vector_Table.o
                0x00401000                VTABLE
                0x00401408                . = ALIGN (0x4)
                0x00401408                __interrupts_rom_end = .
 *(.core_loop)
 .core_loop     0x00401408        0xc ./Project_Settings/Startup_Code/startup_cm7.o
                0x00401408                _core_loop
                0x00401414                . = ALIGN (0x4)
 *(.startup)
 *fill*         0x00401414        0xc 
 .startup       0x00401420      0x1c8 ./Project_Settings/Startup_Code/startup_cm7.o
                0x00401420                Reset_Handler
                0x00401420                _start
                0x00401572                MCAL_LTB_TRACE_OFF
                0x00401574                _end_of_eunit_test
                0x004015e8                . = ALIGN (0x4)
 *(.systeminit)
                0x004015e8                . = ALIGN (0x4)
 *(.text.startup)
 .text.startup  0x004015e8       0x24 ./src/main.o
                0x004015e8                main
                0x0040160c                . = ALIGN (0x4)
 *(.text)
 .text          0x0040160c        0x0 ./Project_Settings/Startup_Code/Vector_Table.o
 .text          0x0040160c        0x0 ./Project_Settings/Startup_Code/exceptions.o
 .text          0x0040160c        0x0 ./Project_Settings/Startup_Code/nvic.o
 .text          0x0040160c        0x0 ./Project_Settings/Startup_Code/startup.o
 .text          0x0040160c        0x0 ./Project_Settings/Startup_Code/startup_cm7.o
 .text          0x0040160c       0x10 ./Project_Settings/Startup_Code/system.o
                0x0040160c                Sys_GetCoreID
 .text          0x0040161c        0x0 ./RTD/src/Cache_Ip.o
 .text          0x0040161c        0x0 ./RTD/src/Cache_Ip_HwAcc_ArmCoreMx.o
 .text          0x0040161c        0x0 ./RTD/src/Clock_Ip.o
 .text          0x0040161c        0x0 ./RTD/src/Clock_Ip_Data.o
 .text          0x0040161c        0x0 ./RTD/src/Clock_Ip_Divider.o
 .text          0x0040161c        0x0 ./RTD/src/Clock_Ip_DividerTrigger.o
 .text          0x0040161c        0x0 ./RTD/src/Clock_Ip_ExtOsc.o
 .text          0x0040161c        0x0 ./RTD/src/Clock_Ip_FracDiv.o
 .text          0x0040161c        0x0 ./RTD/src/Clock_Ip_Frequency.o
 .text          0x0040161c        0x0 ./RTD/src/Clock_Ip_Gate.o
 .text          0x0040161c        0x0 ./RTD/src/Clock_Ip_IntOsc.o
 .text          0x0040161c        0x0 ./RTD/src/Clock_Ip_Irq.o
 .text          0x0040161c        0x0 ./RTD/src/Clock_Ip_Monitor.o
 .text          0x0040161c        0x0 ./RTD/src/Clock_Ip_Pll.o
 .text          0x0040161c        0x0 ./RTD/src/Clock_Ip_ProgFreqSwitch.o
 .text          0x0040161c        0x0 ./RTD/src/Clock_Ip_Selector.o
 .text          0x0040161c        0x0 ./RTD/src/Clock_Ip_Specific.o
 .text          0x0040161c        0x0 ./RTD/src/Det.o
 .text          0x0040161c        0x0 ./RTD/src/Det_stub.o
 .text          0x0040161c        0x0 ./RTD/src/Lpuart_Uart_Ip.o
 .text          0x0040161c        0x0 ./RTD/src/Lpuart_Uart_Ip_Irq.o
 .text          0x0040161c        0x0 ./RTD/src/Mpu_M7_Ip.o
 .text          0x0040161c        0x0 ./RTD/src/OsIf_Timer.o
 .text          0x0040161c        0x0 ./RTD/src/OsIf_Timer_System.o
 .text          0x0040161c        0x0 ./RTD/src/OsIf_Timer_System_Internal_Systick.o
 .text          0x0040161c        0x6 ./RTD/src/SchM_Dio.o
                0x0040161c                Dio_schm_read_msr
 .text          0x00401622        0x6 ./RTD/src/SchM_Mcl.o
                0x00401622                Mcl_schm_read_msr
 .text          0x00401628        0x6 ./RTD/src/SchM_Mcu.o
                0x00401628                Mcu_schm_read_msr
 .text          0x0040162e        0x6 ./RTD/src/SchM_Port.o
                0x0040162e                Port_schm_read_msr
 .text          0x00401634        0x6 ./RTD/src/SchM_Rm.o
                0x00401634                Rm_schm_read_msr
 .text          0x0040163a        0x6 ./RTD/src/SchM_Uart.o
                0x0040163a                Uart_schm_read_msr
 .text          0x00401640        0x0 ./RTD/src/Sema42_Ip.o
 .text          0x00401640        0x0 ./RTD/src/Siul2_Dio_Ip.o
 .text          0x00401640        0x0 ./RTD/src/Siul2_Port_Ip.o
 .text          0x00401640        0x0 ./RTD/src/Tspc_Port_Ip.o
 .text          0x00401640      0x3bc ./RTD/src/Xrdc_Ip.o
                0x00401640                Xrdc_Ip_GetDomainID_Privileged
                0x0040165c                Xrdc_Ip_Init_Privileged
                0x004018d0                Xrdc_Ip_SetProcessID_Privileged
                0x00401950                Xrdc_Ip_LockProcessID_Privileged
                0x00401988                Xrdc_Ip_GetDomainIDErrorStatus_Privileged
 .text          0x004019fc        0x0 ./board/Clock_Ip_Cfg.o
 .text          0x004019fc        0x0 ./board/Clock_Ip_PBcfg.o
 .text          0x004019fc        0x0 ./board/Siul2_Port_Ip_Cfg.o
 .text          0x004019fc        0x0 ./board/Tspc_Port_Ip_Cfg.o
 .text          0x004019fc        0x0 ./generate/include/OsIf_Cfg.o
 .text          0x004019fc        0x0 ./generate/src/Lpuart_Uart_Ip_Sa_BOARD_InitPeripherals_PBcfg.o
 .text          0x004019fc        0x0 ./generate/src/Mpu_M7_Ip_Cfg.o
 .text          0x004019fc        0x0 ./generate/src/Xrdc_Ip_BOARD_InitPeripherals_PBcfg.o
 .text          0x004019fc        0x0 ./generate/src/Xrdc_Ip_Cfg.o
 .text          0x004019fc        0x0 ./src/main.o
 .text          0x004019fc       0x7c ./src/main_c0.o
                0x00401a2c                MultiCore_Enable
                0x00401a34                main_c0
 .text          0x00401a78       0x10 ./src/main_c1.o
                0x00401a78                main_c1
 .text          0x00401a88        0x0 c:/nxp/s32ds.3.4/s32ds/build_tools/gcc_v10.2/gcc-10.2-arm32-eabi/bin/../lib/gcc/arm-none-eabi/10.2.0/../../../../arm-none-eabi/lib/thumb/v7e-m+fp/hard\libc_nano.a(lib_a-memmove.o)
 .text          0x00401a88        0x0 c:/nxp/s32ds.3.4/s32ds/build_tools/gcc_v10.2/gcc-10.2-arm32-eabi/bin/../lib/gcc/arm-none-eabi/10.2.0/../../../../arm-none-eabi/lib/thumb/v7e-m+fp/hard\libc_nano.a(lib_a-memset.o)
 .text          0x00401a88       0x30 c:/nxp/s32ds.3.4/s32ds/build_tools/gcc_v10.2/gcc-10.2-arm32-eabi/bin/../lib/gcc/arm-none-eabi/10.2.0/thumb/v7e-m+fp/hard\libgcc.a(_aeabi_uldivmod.o)
                0x00401a88                __aeabi_uldivmod
 .text          0x00401ab8      0x2d8 c:/nxp/s32ds.3.4/s32ds/build_tools/gcc_v10.2/gcc-10.2-arm32-eabi/bin/../lib/gcc/arm-none-eabi/10.2.0/thumb/v7e-m+fp/hard\libgcc.a(_udivmoddi4.o)
                0x00401ab8                __udivmoddi4
 .text          0x00401d90        0x4 c:/nxp/s32ds.3.4/s32ds/build_tools/gcc_v10.2/gcc-10.2-arm32-eabi/bin/../lib/gcc/arm-none-eabi/10.2.0/thumb/v7e-m+fp/hard\libgcc.a(_dvmd_tls.o)
                0x00401d90                __aeabi_idiv0
                0x00401d90                __aeabi_ldiv0
 *(.text*)
 .text.memmove  0x00401d94       0x34 c:/nxp/s32ds.3.4/s32ds/build_tools/gcc_v10.2/gcc-10.2-arm32-eabi/bin/../lib/gcc/arm-none-eabi/10.2.0/../../../../arm-none-eabi/lib/thumb/v7e-m+fp/hard\libc_nano.a(lib_a-memmove.o)
                0x00401d94                memmove
 .text.memset   0x00401dc8       0x10 c:/nxp/s32ds.3.4/s32ds/build_tools/gcc_v10.2/gcc-10.2-arm32-eabi/bin/../lib/gcc/arm-none-eabi/10.2.0/../../../../arm-none-eabi/lib/thumb/v7e-m+fp/hard\libc_nano.a(lib_a-memset.o)
                0x00401dc8                memset
                0x00401dd8                . = ALIGN (0x4)
 *(.mcal_text)
 .mcal_text     0x00401dd8       0x14 ./Project_Settings/Startup_Code/exceptions.o
                0x00401dd8                NMI_Handler
                0x00401dda                HardFault_Handler
                0x00401ddc                MemManage_Handler
                0x00401dde                BusFault_Handler
                0x00401de0                UsageFault_Handler
                0x00401de2                SVC_Handler
                0x00401de4                DebugMon_Handler
                0x00401de6                PendSV_Handler
                0x00401de8                SysTick_Handler
                0x00401dea                undefined_handler
 .mcal_text     0x00401dec       0x52 ./Project_Settings/Startup_Code/nvic.o
                0x00401dec                NVIC_SetPriorityGrouping
                0x00401e00                NVIC_EnableIRQ
                0x00401e18                NVIC_DisableIRQ
                0x00401e30                NVIC_SetPriority
 *fill*         0x00401e3e        0x2 
 .mcal_text     0x00401e40       0x50 ./Project_Settings/Startup_Code/startup.o
                0x00401e40                init_data_bss
 .mcal_text     0x00401e90      0x2ac ./Project_Settings/Startup_Code/system.o
                0x00401ee8                startup_go_to_user_mode
                0x00401eea                default_interrupt_routine
                0x00401eec                SystemInit
 .mcal_text     0x0040213c      0x8d4 ./RTD/src/Clock_Ip.o
                0x0040213e                Clock_Ip_InitClock
                0x004026f4                Clock_Ip_GetPllStatus
                0x00402734                Clock_Ip_DistributePll
                0x00402828                Clock_Ip_Init
                0x0040284c                Clock_Ip_DisableClockMonitor
                0x00402874                Clock_Ip_GetClockMonitorStatus
                0x0040289c                Clock_Ip_ClearClockMonitorStatus
                0x004028c4                Clock_Ip_InstallNotificationsCallback
                0x004028d0                Clock_Ip_DisableModuleClock
                0x004028f8                Clock_Ip_EnableModuleClock
                0x00402920                Clock_Ip_DisableFircInStandby
                0x0040293c                Clock_Ip_EnableFircInStandby
                0x00402958                Clock_Ip_DisableSircInStandby
                0x00402974                Clock_Ip_EnableSircInStandby
                0x00402990                Clock_Ip_ReportClockErrors
                0x0040299c                Clock_Ip_StartTimeout
                0x004029bc                Clock_Ip_TimeoutExpired
                0x004029d8                Clock_Ip_GetConfiguredFrequencyValue
 .mcal_text     0x00402a10      0x124 ./RTD/src/Clock_Ip_Divider.o
 .mcal_text     0x00402b34       0x9c ./RTD/src/Clock_Ip_DividerTrigger.o
 .mcal_text     0x00402bd0      0x154 ./RTD/src/Clock_Ip_ExtOsc.o
 .mcal_text     0x00402d24        0x6 ./RTD/src/Clock_Ip_FracDiv.o
 *fill*         0x00402d2a        0x2 
 .mcal_text     0x00402d2c      0x120 ./RTD/src/Clock_Ip_Gate.o
 .mcal_text     0x00402e4c       0x7c ./RTD/src/Clock_Ip_IntOsc.o
 .mcal_text     0x00402ec8        0x4 ./RTD/src/Clock_Ip_Irq.o
                0x00402ec8                Mcu_Cmu_ClockFail_IRQHandler
 .mcal_text     0x00402ecc      0x264 ./RTD/src/Clock_Ip_Monitor.o
                0x004030de                Clock_Ip_CMU_GetInterruptStatus
                0x004030f0                Clock_Ip_CMU_ClockFailInt
 .mcal_text     0x00403130      0x140 ./RTD/src/Clock_Ip_Pll.o
 .mcal_text     0x00403270      0x13c ./RTD/src/Clock_Ip_ProgFreqSwitch.o
 .mcal_text     0x004033ac      0x340 ./RTD/src/Clock_Ip_Selector.o
                0x004036c2                Clock_Ip_SetRtcRtccClksel_TrustedCall
 .mcal_text     0x004036ec      0x24c ./RTD/src/Clock_Ip_Specific.o
                0x004036ec                Clock_Ip_McMeEnterKey
                0x00403700                Clock_Ip_SpecificPeripheralClockInitialization
                0x00403702                Clock_Ip_SpecificPlatformInitClock
                0x0040389c                DisableFircInStandbyMode
                0x004038ac                EnableFircInStandbyMode
                0x004038c8                DisableSircInStandbyMode
                0x004038d8                EnableSircInStandbyMode
                0x004038f4                Clock_Ip_ClockInitializeObjects
                0x00403928                Clock_Ip_ClockPowerModeChangeNotification
                0x0040392a                Clock_Ip_FLASH_SetFlashIWS
                0x0040392e                Clock_Ip_SetFlashWaitStates
                0x00403932                Clock_Ip_SetRamWaitStates
 .mcal_text     0x00403938       0xa4 ./RTD/src/Det.o
                0x00403938                Det_Init
                0x0040393a                Det_ReportError
                0x00403970                Det_ReportRuntimeError
                0x004039a4                Det_ReportTransientFault
                0x004039d8                Det_Start
 .mcal_text     0x004039dc      0x21c ./RTD/src/Det_stub.o
                0x004039dc                Det_TestLastReportError
                0x00403a44                Det_TestLastReportRuntimeError
                0x00403aac                Det_TestLastReportTransientFault
                0x00403b14                Det_TestNoError
                0x00403b60                Det_TestNoRuntimeError
                0x00403bac                Det_TestNoTransientFault
 .mcal_text     0x00403bf8      0xb40 ./RTD/src/Lpuart_Uart_Ip.o
                0x00403e60                Lpuart_Uart_Ip_Init
                0x00403f54                Lpuart_Uart_Ip_Deinit
                0x00403fe4                Lpuart_Uart_Ip_SyncSend
                0x004040a8                Lpuart_Uart_Ip_AsyncSend
                0x00404120                Lpuart_Uart_Ip_GetTransmitStatus
                0x00404154                Lpuart_Uart_Ip_AbortSendingData
                0x00404198                Lpuart_Uart_Ip_SyncReceive
                0x004042e4                Lpuart_Uart_Ip_AsyncReceive
                0x00404394                Lpuart_Uart_Ip_GetReceiveStatus
                0x004043c8                Lpuart_Uart_Ip_AbortReceivingData
                0x0040441c                Lpuart_Uart_Ip_SetBaudRate
                0x004044ec                Lpuart_Uart_Ip_GetBaudRate
                0x004044fc                Lpuart_Uart_Ip_SetTxBuffer
                0x0040450c                Lpuart_Uart_Ip_SetRxBuffer
                0x0040451c                Lpuart_Uart_Ip_IrqHandler
 .mcal_text     0x00404738        0x6 ./RTD/src/Lpuart_Uart_Ip_Irq.o
                0x00404738                LPUART_UART_IP_0_IRQHandler
 *fill*         0x0040473e        0x2 
 .mcal_text     0x00404740      0x2b8 ./RTD/src/Mpu_M7_Ip.o
                0x0040475a                Mpu_M7_Ip_GetErrorRegisters
                0x0040477e                Mpu_M7_Ip_SetRegionConfig_Privileged
                0x00404830                Mpu_M7_Ip_Deinit_Privileged
                0x00404876                Mpu_M7_Ip_Init_Privileged
                0x00404916                Mpu_M7_Ip_EnableRegion_Privileged
                0x00404950                Mpu_M7_Ip_SetAccessRight_Privileged
                0x00404980                Mpu_M7_Ip_Init
                0x00404984                Mpu_M7_Ip_SetRegionConfig
                0x00404988                Mpu_M7_Ip_Deinit
                0x0040498c                Mpu_M7_Ip_EnableRegion
                0x00404990                Mpu_M7_Ip_SetAccessRight
                0x00404994                Mpu_M7_Ip_GetErrorDetails
 .mcal_text     0x004049f8       0x42 ./RTD/src/OsIf_Timer.o
                0x004049f8                OsIf_Init
                0x00404a00                OsIf_GetCounter
                0x00404a0c                OsIf_GetElapsed
                0x00404a1e                OsIf_SetTimerFrequency
                0x00404a28                OsIf_MicrosToTicks
 *fill*         0x00404a3a        0x2 
 .mcal_text     0x00404a3c       0xc4 ./RTD/src/OsIf_Timer_System.o
                0x00404a3c                OsIf_Timer_System_Init
                0x00404a68                OsIf_Timer_System_GetCounter
                0x00404a84                OsIf_Timer_System_GetElapsed
                0x00404aa0                OsIf_Timer_System_SetTimerFrequency
                0x00404ac4                OsIf_Timer_System_MicrosToTicks
 .mcal_text     0x00404b00       0x42 ./RTD/src/OsIf_Timer_System_Internal_Systick.o
                0x00404b00                OsIf_Timer_System_Internal_Init
                0x00404b16                OsIf_Timer_System_Internal_GetCounter
                0x00404b22                OsIf_Timer_System_Internal_GetElapsed
 *fill*         0x00404b42        0x2 
 .mcal_text     0x00404b44       0xd0 ./RTD/src/SchM_Dio.o
                0x00404b44                SchM_Enter_Dio_DIO_EXCLUSIVE_AREA_00
                0x00404b7c                SchM_Exit_Dio_DIO_EXCLUSIVE_AREA_00
                0x00404bac                SchM_Enter_Dio_DIO_EXCLUSIVE_AREA_01
                0x00404be4                SchM_Exit_Dio_DIO_EXCLUSIVE_AREA_01
 .mcal_text     0x00404c14     0x1318 ./RTD/src/SchM_Mcl.o
                0x00404c14                SchM_Enter_Mcl_MCL_EXCLUSIVE_AREA_00
                0x00404c4c                SchM_Exit_Mcl_MCL_EXCLUSIVE_AREA_00
                0x00404c7c                SchM_Enter_Mcl_MCL_EXCLUSIVE_AREA_01
                0x00404cb4                SchM_Exit_Mcl_MCL_EXCLUSIVE_AREA_01
                0x00404ce4                SchM_Enter_Mcl_MCL_EXCLUSIVE_AREA_02
                0x00404d1c                SchM_Exit_Mcl_MCL_EXCLUSIVE_AREA_02
                0x00404d4c                SchM_Enter_Mcl_MCL_EXCLUSIVE_AREA_03
                0x00404d84                SchM_Exit_Mcl_MCL_EXCLUSIVE_AREA_03
                0x00404db4                SchM_Enter_Mcl_MCL_EXCLUSIVE_AREA_04
                0x00404dec                SchM_Exit_Mcl_MCL_EXCLUSIVE_AREA_04
                0x00404e1c                SchM_Enter_Mcl_MCL_EXCLUSIVE_AREA_05
                0x00404e54                SchM_Exit_Mcl_MCL_EXCLUSIVE_AREA_05
                0x00404e84                SchM_Enter_Mcl_MCL_EXCLUSIVE_AREA_06
                0x00404ebc                SchM_Exit_Mcl_MCL_EXCLUSIVE_AREA_06
                0x00404eec                SchM_Enter_Mcl_MCL_EXCLUSIVE_AREA_07
                0x00404f24                SchM_Exit_Mcl_MCL_EXCLUSIVE_AREA_07
                0x00404f54                SchM_Enter_Mcl_MCL_EXCLUSIVE_AREA_08
                0x00404f8c                SchM_Exit_Mcl_MCL_EXCLUSIVE_AREA_08
                0x00404fbc                SchM_Enter_Mcl_MCL_EXCLUSIVE_AREA_09
                0x00404ff4                SchM_Exit_Mcl_MCL_EXCLUSIVE_AREA_09
                0x00405024                SchM_Enter_Mcl_MCL_EXCLUSIVE_AREA_10
                0x0040505c                SchM_Exit_Mcl_MCL_EXCLUSIVE_AREA_10
                0x0040508c                SchM_Enter_Mcl_MCL_EXCLUSIVE_AREA_11
                0x004050c4                SchM_Exit_Mcl_MCL_EXCLUSIVE_AREA_11
                0x004050f4                SchM_Enter_Mcl_MCL_EXCLUSIVE_AREA_12
                0x0040512c                SchM_Exit_Mcl_MCL_EXCLUSIVE_AREA_12
                0x0040515c                SchM_Enter_Mcl_MCL_EXCLUSIVE_AREA_13
                0x00405194                SchM_Exit_Mcl_MCL_EXCLUSIVE_AREA_13
                0x004051c4                SchM_Enter_Mcl_MCL_EXCLUSIVE_AREA_14
                0x004051fc                SchM_Exit_Mcl_MCL_EXCLUSIVE_AREA_14
                0x0040522c                SchM_Enter_Mcl_MCL_EXCLUSIVE_AREA_15
                0x00405264                SchM_Exit_Mcl_MCL_EXCLUSIVE_AREA_15
                0x00405294                SchM_Enter_Mcl_MCL_EXCLUSIVE_AREA_16
                0x004052cc                SchM_Exit_Mcl_MCL_EXCLUSIVE_AREA_16
                0x004052fc                SchM_Enter_Mcl_MCL_EXCLUSIVE_AREA_17
                0x00405334                SchM_Exit_Mcl_MCL_EXCLUSIVE_AREA_17
                0x00405364                SchM_Enter_Mcl_MCL_EXCLUSIVE_AREA_18
                0x0040539c                SchM_Exit_Mcl_MCL_EXCLUSIVE_AREA_18
                0x004053cc                SchM_Enter_Mcl_MCL_EXCLUSIVE_AREA_19
                0x00405404                SchM_Exit_Mcl_MCL_EXCLUSIVE_AREA_19
                0x00405434                SchM_Enter_Mcl_MCL_EXCLUSIVE_AREA_20
                0x0040546c                SchM_Exit_Mcl_MCL_EXCLUSIVE_AREA_20
                0x0040549c                SchM_Enter_Mcl_MCL_EXCLUSIVE_AREA_21
                0x004054d4                SchM_Exit_Mcl_MCL_EXCLUSIVE_AREA_21
                0x00405504                SchM_Enter_Mcl_MCL_EXCLUSIVE_AREA_22
                0x0040553c                SchM_Exit_Mcl_MCL_EXCLUSIVE_AREA_22
                0x0040556c                SchM_Enter_Mcl_MCL_EXCLUSIVE_AREA_23
                0x004055a4                SchM_Exit_Mcl_MCL_EXCLUSIVE_AREA_23
                0x004055d4                SchM_Enter_Mcl_MCL_EXCLUSIVE_AREA_24
                0x0040560c                SchM_Exit_Mcl_MCL_EXCLUSIVE_AREA_24
                0x0040563c                SchM_Enter_Mcl_MCL_EXCLUSIVE_AREA_25
                0x00405674                SchM_Exit_Mcl_MCL_EXCLUSIVE_AREA_25
                0x004056a4                SchM_Enter_Mcl_MCL_EXCLUSIVE_AREA_26
                0x004056dc                SchM_Exit_Mcl_MCL_EXCLUSIVE_AREA_26
                0x0040570c                SchM_Enter_Mcl_MCL_EXCLUSIVE_AREA_27
                0x00405744                SchM_Exit_Mcl_MCL_EXCLUSIVE_AREA_27
                0x00405774                SchM_Enter_Mcl_MCL_EXCLUSIVE_AREA_28
                0x004057ac                SchM_Exit_Mcl_MCL_EXCLUSIVE_AREA_28
                0x004057dc                SchM_Enter_Mcl_MCL_EXCLUSIVE_AREA_29
                0x00405814                SchM_Exit_Mcl_MCL_EXCLUSIVE_AREA_29
                0x00405844                SchM_Enter_Mcl_MCL_EXCLUSIVE_AREA_30
                0x0040587c                SchM_Exit_Mcl_MCL_EXCLUSIVE_AREA_30
                0x004058ac                SchM_Enter_Mcl_MCL_EXCLUSIVE_AREA_31
                0x004058e4                SchM_Exit_Mcl_MCL_EXCLUSIVE_AREA_31
                0x00405914                SchM_Enter_Mcl_MCL_EXCLUSIVE_AREA_32
                0x0040594c                SchM_Exit_Mcl_MCL_EXCLUSIVE_AREA_32
                0x0040597c                SchM_Enter_Mcl_MCL_EXCLUSIVE_AREA_33
                0x004059b4                SchM_Exit_Mcl_MCL_EXCLUSIVE_AREA_33
                0x004059e4                SchM_Enter_Mcl_MCL_EXCLUSIVE_AREA_34
                0x00405a1c                SchM_Exit_Mcl_MCL_EXCLUSIVE_AREA_34
                0x00405a4c                SchM_Enter_Mcl_MCL_EXCLUSIVE_AREA_35
                0x00405a84                SchM_Exit_Mcl_MCL_EXCLUSIVE_AREA_35
                0x00405ab4                SchM_Enter_Mcl_MCL_EXCLUSIVE_AREA_36
                0x00405aec                SchM_Exit_Mcl_MCL_EXCLUSIVE_AREA_36
                0x00405b1c                SchM_Enter_Mcl_MCL_EXCLUSIVE_AREA_37
                0x00405b54                SchM_Exit_Mcl_MCL_EXCLUSIVE_AREA_37
                0x00405b84                SchM_Enter_Mcl_MCL_EXCLUSIVE_AREA_38
                0x00405bbc                SchM_Exit_Mcl_MCL_EXCLUSIVE_AREA_38
                0x00405bec                SchM_Enter_Mcl_MCL_EXCLUSIVE_AREA_39
                0x00405c24                SchM_Exit_Mcl_MCL_EXCLUSIVE_AREA_39
                0x00405c54                SchM_Enter_Mcl_MCL_EXCLUSIVE_AREA_40
                0x00405c8c                SchM_Exit_Mcl_MCL_EXCLUSIVE_AREA_40
                0x00405cbc                SchM_Enter_Mcl_MCL_EXCLUSIVE_AREA_41
                0x00405cf4                SchM_Exit_Mcl_MCL_EXCLUSIVE_AREA_41
                0x00405d24                SchM_Enter_Mcl_MCL_EXCLUSIVE_AREA_42
                0x00405d5c                SchM_Exit_Mcl_MCL_EXCLUSIVE_AREA_42
                0x00405d8c                SchM_Enter_Mcl_MCL_EXCLUSIVE_AREA_43
                0x00405dc4                SchM_Exit_Mcl_MCL_EXCLUSIVE_AREA_43
                0x00405df4                SchM_Enter_Mcl_MCL_EXCLUSIVE_AREA_44
                0x00405e2c                SchM_Exit_Mcl_MCL_EXCLUSIVE_AREA_44
                0x00405e5c                SchM_Enter_Mcl_MCL_EXCLUSIVE_AREA_45
                0x00405e94                SchM_Exit_Mcl_MCL_EXCLUSIVE_AREA_45
                0x00405ec4                SchM_Enter_Mcl_MCL_EXCLUSIVE_AREA_46
                0x00405efc                SchM_Exit_Mcl_MCL_EXCLUSIVE_AREA_46
 .mcal_text     0x00405f2c      0x138 ./RTD/src/SchM_Mcu.o
                0x00405f2c                SchM_Enter_Mcu_MCU_EXCLUSIVE_AREA_00
                0x00405f64                SchM_Exit_Mcu_MCU_EXCLUSIVE_AREA_00
                0x00405f94                SchM_Enter_Mcu_MCU_EXCLUSIVE_AREA_01
                0x00405fcc                SchM_Exit_Mcu_MCU_EXCLUSIVE_AREA_01
                0x00405ffc                SchM_Enter_Mcu_MCU_EXCLUSIVE_AREA_02
                0x00406034                SchM_Exit_Mcu_MCU_EXCLUSIVE_AREA_02
 .mcal_text     0x00406064      0x478 ./RTD/src/SchM_Port.o
                0x00406064                SchM_Enter_Port_PORT_EXCLUSIVE_AREA_00
                0x0040609c                SchM_Exit_Port_PORT_EXCLUSIVE_AREA_00
                0x004060cc                SchM_Enter_Port_PORT_EXCLUSIVE_AREA_01
                0x00406104                SchM_Exit_Port_PORT_EXCLUSIVE_AREA_01
                0x00406134                SchM_Enter_Port_PORT_EXCLUSIVE_AREA_02
                0x0040616c                SchM_Exit_Port_PORT_EXCLUSIVE_AREA_02
                0x0040619c                SchM_Enter_Port_PORT_EXCLUSIVE_AREA_03
                0x004061d4                SchM_Exit_Port_PORT_EXCLUSIVE_AREA_03
                0x00406204                SchM_Enter_Port_PORT_EXCLUSIVE_AREA_04
                0x0040623c                SchM_Exit_Port_PORT_EXCLUSIVE_AREA_04
                0x0040626c                SchM_Enter_Port_PORT_EXCLUSIVE_AREA_05
                0x004062a4                SchM_Exit_Port_PORT_EXCLUSIVE_AREA_05
                0x004062d4                SchM_Enter_Port_PORT_EXCLUSIVE_AREA_06
                0x0040630c                SchM_Exit_Port_PORT_EXCLUSIVE_AREA_06
                0x0040633c                SchM_Enter_Port_PORT_EXCLUSIVE_AREA_07
                0x00406374                SchM_Exit_Port_PORT_EXCLUSIVE_AREA_07
                0x004063a4                SchM_Enter_Port_PORT_EXCLUSIVE_AREA_08
                0x004063dc                SchM_Exit_Port_PORT_EXCLUSIVE_AREA_08
                0x0040640c                SchM_Enter_Port_PORT_EXCLUSIVE_AREA_09
                0x00406444                SchM_Exit_Port_PORT_EXCLUSIVE_AREA_09
                0x00406474                SchM_Enter_Port_PORT_EXCLUSIVE_AREA_10
                0x004064ac                SchM_Exit_Port_PORT_EXCLUSIVE_AREA_10
 .mcal_text     0x004064dc      0x548 ./RTD/src/SchM_Rm.o
                0x004064dc                SchM_Enter_Rm_RM_EXCLUSIVE_AREA_00
                0x00406514                SchM_Exit_Rm_RM_EXCLUSIVE_AREA_00
                0x00406544                SchM_Enter_Rm_RM_EXCLUSIVE_AREA_01
                0x0040657c                SchM_Exit_Rm_RM_EXCLUSIVE_AREA_01
                0x004065ac                SchM_Enter_Rm_RM_EXCLUSIVE_AREA_02
                0x004065e4                SchM_Exit_Rm_RM_EXCLUSIVE_AREA_02
                0x00406614                SchM_Enter_Rm_RM_EXCLUSIVE_AREA_03
                0x0040664c                SchM_Exit_Rm_RM_EXCLUSIVE_AREA_03
                0x0040667c                SchM_Enter_Rm_RM_EXCLUSIVE_AREA_04
                0x004066b4                SchM_Exit_Rm_RM_EXCLUSIVE_AREA_04
                0x004066e4                SchM_Enter_Rm_RM_EXCLUSIVE_AREA_05
                0x0040671c                SchM_Exit_Rm_RM_EXCLUSIVE_AREA_05
                0x0040674c                SchM_Enter_Rm_RM_EXCLUSIVE_AREA_06
                0x00406784                SchM_Exit_Rm_RM_EXCLUSIVE_AREA_06
                0x004067b4                SchM_Enter_Rm_RM_EXCLUSIVE_AREA_07
                0x004067ec                SchM_Exit_Rm_RM_EXCLUSIVE_AREA_07
                0x0040681c                SchM_Enter_Rm_RM_EXCLUSIVE_AREA_08
                0x00406854                SchM_Exit_Rm_RM_EXCLUSIVE_AREA_08
                0x00406884                SchM_Enter_Rm_RM_EXCLUSIVE_AREA_09
                0x004068bc                SchM_Exit_Rm_RM_EXCLUSIVE_AREA_09
                0x004068ec                SchM_Enter_Rm_RM_EXCLUSIVE_AREA_10
                0x00406924                SchM_Exit_Rm_RM_EXCLUSIVE_AREA_10
                0x00406954                SchM_Enter_Rm_RM_EXCLUSIVE_AREA_11
                0x0040698c                SchM_Exit_Rm_RM_EXCLUSIVE_AREA_11
                0x004069bc                SchM_Enter_Rm_RM_EXCLUSIVE_AREA_12
                0x004069f4                SchM_Exit_Rm_RM_EXCLUSIVE_AREA_12
 .mcal_text     0x00406a24      0x3a8 ./RTD/src/SchM_Uart.o
                0x00406a24                SchM_Enter_Uart_UART_EXCLUSIVE_AREA_00
                0x00406a5c                SchM_Exit_Uart_UART_EXCLUSIVE_AREA_00
                0x00406a8c                SchM_Enter_Uart_UART_EXCLUSIVE_AREA_01
                0x00406ac4                SchM_Exit_Uart_UART_EXCLUSIVE_AREA_01
                0x00406af4                SchM_Enter_Uart_UART_EXCLUSIVE_AREA_02
                0x00406b2c                SchM_Exit_Uart_UART_EXCLUSIVE_AREA_02
                0x00406b5c                SchM_Enter_Uart_UART_EXCLUSIVE_AREA_03
                0x00406b94                SchM_Exit_Uart_UART_EXCLUSIVE_AREA_03
                0x00406bc4                SchM_Enter_Uart_UART_EXCLUSIVE_AREA_04
                0x00406bfc                SchM_Exit_Uart_UART_EXCLUSIVE_AREA_04
                0x00406c2c                SchM_Enter_Uart_UART_EXCLUSIVE_AREA_05
                0x00406c64                SchM_Exit_Uart_UART_EXCLUSIVE_AREA_05
                0x00406c94                SchM_Enter_Uart_UART_EXCLUSIVE_AREA_06
                0x00406ccc                SchM_Exit_Uart_UART_EXCLUSIVE_AREA_06
                0x00406cfc                SchM_Enter_Uart_UART_EXCLUSIVE_AREA_07
                0x00406d34                SchM_Exit_Uart_UART_EXCLUSIVE_AREA_07
                0x00406d64                SchM_Enter_Uart_UART_EXCLUSIVE_AREA_08
                0x00406d9c                SchM_Exit_Uart_UART_EXCLUSIVE_AREA_08
 .mcal_text     0x00406dcc      0x138 ./RTD/src/Sema42_Ip.o
                0x00406dcc                Sema42_Ip_Init_Privileged
                0x00406de4                Sema42_Ip_LockGate_Privileged
                0x00406e08                Sema42_Ip_UnlockGate_Privileged
                0x00406e20                Sema42_Ip_ResetGate_Privileged
                0x00406e38                Sema42_Ip_GetGateLocker_Privileged
                0x00406e5c                Sema42_Ip_IsResetGateStateIdle_Privileged
                0x00406e6c                Sema42_Ip_GetResetGateBusMaster_Privileged
                0x00406e84                Sema42_Ip_GetResetGateIndex_Privileged
                0x00406ea0                Sema42_Ip_Init
                0x00406eb8                Sema42_Ip_LockGate
                0x00406ed0                Sema42_Ip_UnlockGate
                0x00406ede                Sema42_Ip_ResetGate
                0x00406ee2                Sema42_Ip_GetGateLocker
                0x00406ee6                Sema42_Ip_IsResetGateStateIdle
                0x00406efc                Sema42_Ip_GetResetGateBusMaster
                0x00406f00                Sema42_Ip_GetResetGateIndex
 .mcal_text     0x00406f04      0x138 ./RTD/src/Siul2_Dio_Ip.o
                0x00406f3a                Siul2_Dio_Ip_WritePin
                0x00406f7a                Siul2_Dio_Ip_WritePins
                0x00406f8c                Siul2_Dio_Ip_GetPinsOutput
                0x00406f96                Siul2_Dio_Ip_SetPins
                0x00406fae                Siul2_Dio_Ip_ClearPins
                0x00406fc8                Siul2_Dio_Ip_TogglePins
                0x00406fe0                Siul2_Dio_Ip_ReadPins
                0x00406fec                Siul2_Dio_Ip_ReadPin
                0x00407010                Siul2_Dio_Ip_MaskedWritePins
 .mcal_text     0x0040703c      0x398 ./RTD/src/Siul2_Port_Ip.o
                0x00407114                Siul2_Port_Ip_Init
                0x00407144                Siul2_Port_Ip_SetPullSel
                0x00407192                Siul2_Port_Ip_SetOutputBuffer
                0x004071ec                Siul2_Port_Ip_SetInputBuffer
                0x00407256                Siul2_Port_Ip_SetPinDirection
                0x004072c2                Siul2_Port_Ip_RevertPinConfiguration
                0x00407318                Siul2_Port_Ip_GetPinConfiguration
 .mcal_text     0x004073d4       0xcc ./RTD/src/Tspc_Port_Ip.o
                0x004073d4                Tspc_Port_Ip_EnableObeGroup
                0x00407404                Tspc_Port_Ip_ConfigureObeGroup
 .mcal_text     0x004074a0       0x98 ./RTD/src/Xrdc_Ip.o
                0x00407524                Xrdc_Ip_Init
                0x00407528                Xrdc_Ip_GetDomainID
                0x0040752c                Xrdc_Ip_SetProcessID
                0x00407530                Xrdc_Ip_LockProcessID
                0x00407534                Xrdc_Ip_GetDomainIDErrorStatus
                0x00407538                . = ALIGN (0x4)
 *(.acmcu_code_rom)
                0x00407538                . = ALIGN (0x4)
                0x00407538                __acfls_code_rom_start = .
 *(.acfls_code_rom)
 .acfls_code_rom
                0x00407538       0x4c ./RTD/src/Clock_Ip_Specific.o
                0x00407538                Clock_Ip_PRAMCSetRamIWS
 *fill*         0x00407584        0x4 
 .acfls_code_rom.__stub
                0x00407588        0x8 linker stubs
                0x00407590                . = ALIGN (0x4)
                0x00407590                __acfls_code_rom_end = .
 *(.init)
                0x00407590                . = ALIGN (0x4)
 *(.fini)
                0x00407590                . = ALIGN (0x4)
 *(.rodata)
 .rodata        0x00407590        0xc ./RTD/src/Clock_Ip_Selector.o
 .rodata        0x0040759c       0x30 ./RTD/src/Lpuart_Uart_Ip.o
 .rodata        0x004075cc        0x4 ./RTD/src/Siul2_Port_Ip.o
                0x004075cc                Port_au32Siul2BaseAddr
 *(.rodata*)
                0x004075d0                . = ALIGN (0x4)
 *(.mcal_const_cfg)
 .mcal_const_cfg
                0x004075d0      0x5cc ./board/Clock_Ip_PBcfg.o
                0x004075d0                Mcu_aClockConfigPB
 .mcal_const_cfg
                0x00407b9c      0x2b8 ./board/Siul2_Port_Ip_Cfg.o
                0x00407b9c                g_pin_mux_InitConfigArr0
 .mcal_const_cfg
                0x00407e54        0xc ./generate/include/OsIf_Cfg.o
                0x00407e54                OsIf_apxPredefinedConfig
 .mcal_const_cfg
                0x00407e60       0x28 ./generate/src/Lpuart_Uart_Ip_Sa_BOARD_InitPeripherals_PBcfg.o
                0x00407e60                Lpuart_Uart_Ip_xHwConfigPB_0_BOARD_INITPERIPHERALS
 .mcal_const_cfg
                0x00407e88      0x14c ./generate/src/Mpu_M7_Ip_Cfg.o
                0x00407e88                MPU_M7_ModuleConfig_0
                0x00407e94                MPU_M7_ModuleConfig_0_RegionConfig
 .mcal_const_cfg
                0x00407fd4      0x42c ./generate/src/Xrdc_Ip_BOARD_InitPeripherals_PBcfg.o
                0x00407fd4                Xrdc_Config_BOARD_INITPERIPHERALS
                0x00408400                . = ALIGN (0x4)
 *(.mcal_const)
 .mcal_const    0x00408400      0xb4b ./RTD/src/Clock_Ip_Data.o
                0x00408400                Clock_Ip_axGateInfo
                0x00408748                Clock_Ip_axFeatureExtensions
                0x00408878                Clock_Ip_aeHwPllName
                0x0040887c                Clock_Ip_aeSourceTypeClockName
                0x004088d4                Clock_Ip_apxMcMeTriggerPartitions
                0x004088e0                Clock_Ip_apxMcMeGetPartitions
                0x004088ec                Clock_Ip_apxMcMeSetPartitions
                0x004088f8                Clock_Ip_axCmuInfo
                0x00408958                Clock_Ip_aeCmuNames
                0x00408968                Clock_Ip_apxCmu
                0x00408978                Clock_Ip_pxPll
                0x0040897c                Clock_Ip_apxXosc
                0x00408984                Clock_Ip_apxCgmPcfs
                0x00408988                Clock_Ip_apxCgm
                0x004089b8                Clock_Ip_au16SelectorEntryHardwareValue
                0x004089e2                Clock_Ip_au8ClockFeatures
                0x00408efb                Clock_Ip_au8CmuCallbackIndex
                0x00408f03                Clock_Ip_au8PcfsCallbackIndex
                0x00408f0b                Clock_Ip_au8SelectorCallbackIndex
                0x00408f13                Clock_Ip_au8PllCallbackIndex
                0x00408f1b                Clock_Ip_au8FractionalDividerCallbackIndex
                0x00408f23                Clock_Ip_au8GateCallbackIndex
                0x00408f2b                Clock_Ip_au8IrcoscCallbackIndex
                0x00408f33                Clock_Ip_au8XoscCallbackIndex
                0x00408f3b                Clock_Ip_au8DividerTriggerCallbackIndex
                0x00408f43                Clock_Ip_au8DividerCallbackIndex
 *fill*         0x00408f4b        0x1 
 .mcal_const    0x00408f4c       0x10 ./RTD/src/Clock_Ip_Divider.o
                0x00408f4c                Clock_Ip_axDividerCallbacks
 .mcal_const    0x00408f5c       0x10 ./RTD/src/Clock_Ip_DividerTrigger.o
                0x00408f5c                Clock_Ip_axDividerTriggerCallbacks
 .mcal_const    0x00408f6c       0x3c ./RTD/src/Clock_Ip_ExtOsc.o
                0x00408f6c                Clock_Ip_axExtOscCallbacks
 .mcal_const    0x00408fa8        0xc ./RTD/src/Clock_Ip_FracDiv.o
                0x00408fa8                Clock_Ip_axFracDivCallbacks
 .mcal_const    0x00408fb4       0x10 ./RTD/src/Clock_Ip_Gate.o
                0x00408fb4                Clock_Ip_axGateCallbacks
 .mcal_const    0x00408fc4       0x24 ./RTD/src/Clock_Ip_IntOsc.o
                0x00408fc4                Clock_Ip_axIntOscCallbacks
 .mcal_const    0x00408fe8       0x30 ./RTD/src/Clock_Ip_Monitor.o
                0x00408fe8                Clock_Ip_axCmuCallbacks
 .mcal_const    0x00409018       0x28 ./RTD/src/Clock_Ip_Pll.o
                0x00409018                Clock_Ip_axPllCallbacks
 .mcal_const    0x00409040        0x8 ./RTD/src/Clock_Ip_ProgFreqSwitch.o
                0x00409040                Clock_Ip_axPcfsCallbacks
 .mcal_const    0x00409048       0x28 ./RTD/src/Clock_Ip_Selector.o
                0x00409048                Clock_Ip_axSelectorCallbacks
 .mcal_const    0x00409070       0x40 ./RTD/src/Lpuart_Uart_Ip.o
 .mcal_const    0x004090b0        0x8 ./RTD/src/Mpu_M7_Ip.o
 .mcal_const    0x004090b8        0x5 ./RTD/src/Xrdc_Ip.o
                0x004090c0                . = ALIGN (0x4)
 *fill*         0x004090bd        0x3 
                0x004090c0                __init_table = .
 *(.init_table)
 .init_table    0x004090c0       0x34 ./Project_Settings/Startup_Code/startup_cm7.o
                0x004090f4                . = ALIGN (0x4)
                0x004090f4                __zero_table = .
 *(.zero_table)
 .zero_table    0x004090f4       0x1c ./Project_Settings/Startup_Code/startup_cm7.o

.ARM.extab      0x00409110        0x0
 .ARM.extab     0x00409110        0x0 c:/nxp/s32ds.3.4/s32ds/build_tools/gcc_v10.2/gcc-10.2-arm32-eabi/bin/../lib/gcc/arm-none-eabi/10.2.0/thumb/v7e-m+fp/hard\libgcc.a(_udivmoddi4.o)

.ARM.exidx      0x00409110        0x8
 .ARM.exidx     0x00409110        0x8 c:/nxp/s32ds.3.4/s32ds/build_tools/gcc_v10.2/gcc-10.2-arm32-eabi/bin/../lib/gcc/arm-none-eabi/10.2.0/thumb/v7e-m+fp/hard\libgcc.a(_udivmoddi4.o)

.glue_7         0x00409118        0x0
 .glue_7        0x00409118        0x0 linker stubs

.glue_7t        0x00409118        0x0
 .glue_7t       0x00409118        0x0 linker stubs

.vfp11_veneer   0x00409118        0x0
 .vfp11_veneer  0x00409118        0x0 linker stubs

.v4_bx          0x00409118        0x0
 .v4_bx         0x00409118        0x0 linker stubs

.iplt           0x00409118        0x0
 .iplt          0x00409118        0x0 ./Project_Settings/Startup_Code/Vector_Table.o

.rel.dyn        0x00409118        0x0
 .rel.iplt      0x00409118        0x0 ./Project_Settings/Startup_Code/Vector_Table.o
                0x00409118                . = ALIGN (0x4)
                0x00409118                __text_end = .
                0x00409118                __sram_data_rom = __text_end

.sram_data      0x20400000       0xa8 load address 0x00409118
                0x20400000                . = ALIGN (0x4)
                0x20400000                __sram_data_begin__ = .
                0x20400000                . = ALIGN (0x4)
 *(.ramcode)
 .ramcode       0x20400000       0xa0 ./RTD/src/Clock_Ip_Specific.o
                0x204000a0                . = ALIGN (0x4)
 *(.data)
 .data          0x204000a0        0x0 ./Project_Settings/Startup_Code/Vector_Table.o
 .data          0x204000a0        0x0 ./Project_Settings/Startup_Code/exceptions.o
 .data          0x204000a0        0x0 ./Project_Settings/Startup_Code/nvic.o
 .data          0x204000a0        0x0 ./Project_Settings/Startup_Code/startup.o
 .data          0x204000a0        0x0 ./Project_Settings/Startup_Code/startup_cm7.o
 .data          0x204000a0        0x0 ./Project_Settings/Startup_Code/system.o
 .data          0x204000a0        0x0 ./RTD/src/Cache_Ip.o
 .data          0x204000a0        0x0 ./RTD/src/Cache_Ip_HwAcc_ArmCoreMx.o
 .data          0x204000a0        0x0 ./RTD/src/Clock_Ip.o
 .data          0x204000a0        0x0 ./RTD/src/Clock_Ip_Data.o
 .data          0x204000a0        0x0 ./RTD/src/Clock_Ip_Divider.o
 .data          0x204000a0        0x0 ./RTD/src/Clock_Ip_DividerTrigger.o
 .data          0x204000a0        0x0 ./RTD/src/Clock_Ip_ExtOsc.o
 .data          0x204000a0        0x0 ./RTD/src/Clock_Ip_FracDiv.o
 .data          0x204000a0        0x0 ./RTD/src/Clock_Ip_Frequency.o
 .data          0x204000a0        0x0 ./RTD/src/Clock_Ip_Gate.o
 .data          0x204000a0        0x0 ./RTD/src/Clock_Ip_IntOsc.o
 .data          0x204000a0        0x0 ./RTD/src/Clock_Ip_Irq.o
 .data          0x204000a0        0x0 ./RTD/src/Clock_Ip_Monitor.o
 .data          0x204000a0        0x0 ./RTD/src/Clock_Ip_Pll.o
 .data          0x204000a0        0x0 ./RTD/src/Clock_Ip_ProgFreqSwitch.o
 .data          0x204000a0        0x0 ./RTD/src/Clock_Ip_Selector.o
 .data          0x204000a0        0x0 ./RTD/src/Clock_Ip_Specific.o
 .data          0x204000a0        0x0 ./RTD/src/Det.o
 .data          0x204000a0        0x0 ./RTD/src/Det_stub.o
 .data          0x204000a0        0x0 ./RTD/src/Lpuart_Uart_Ip.o
 .data          0x204000a0        0x0 ./RTD/src/Lpuart_Uart_Ip_Irq.o
 .data          0x204000a0        0x0 ./RTD/src/Mpu_M7_Ip.o
 .data          0x204000a0        0x0 ./RTD/src/OsIf_Timer.o
 .data          0x204000a0        0x0 ./RTD/src/OsIf_Timer_System.o
 .data          0x204000a0        0x0 ./RTD/src/OsIf_Timer_System_Internal_Systick.o
 .data          0x204000a0        0x0 ./RTD/src/SchM_Dio.o
 .data          0x204000a0        0x0 ./RTD/src/SchM_Mcl.o
 .data          0x204000a0        0x0 ./RTD/src/SchM_Mcu.o
 .data          0x204000a0        0x0 ./RTD/src/SchM_Port.o
 .data          0x204000a0        0x0 ./RTD/src/SchM_Rm.o
 .data          0x204000a0        0x0 ./RTD/src/SchM_Uart.o
 .data          0x204000a0        0x0 ./RTD/src/Sema42_Ip.o
 .data          0x204000a0        0x0 ./RTD/src/Siul2_Dio_Ip.o
 .data          0x204000a0        0x0 ./RTD/src/Siul2_Port_Ip.o
 .data          0x204000a0        0x0 ./RTD/src/Tspc_Port_Ip.o
 .data          0x204000a0        0x0 ./RTD/src/Xrdc_Ip.o
 .data          0x204000a0        0x0 ./board/Clock_Ip_Cfg.o
 .data          0x204000a0        0x0 ./board/Clock_Ip_PBcfg.o
 .data          0x204000a0        0x0 ./board/Siul2_Port_Ip_Cfg.o
 .data          0x204000a0        0x0 ./board/Tspc_Port_Ip_Cfg.o
 .data          0x204000a0        0x0 ./generate/include/OsIf_Cfg.o
 .data          0x204000a0        0x0 ./generate/src/Lpuart_Uart_Ip_Sa_BOARD_InitPeripherals_PBcfg.o
 .data          0x204000a0        0x0 ./generate/src/Mpu_M7_Ip_Cfg.o
 .data          0x204000a0        0x0 ./generate/src/Xrdc_Ip_BOARD_InitPeripherals_PBcfg.o
 .data          0x204000a0        0x0 ./generate/src/Xrdc_Ip_Cfg.o
 .data          0x204000a0        0x0 ./src/main.o
 .data          0x204000a0        0x0 ./src/main_c0.o
 .data          0x204000a0        0x0 ./src/main_c1.o
 .data          0x204000a0        0x0 c:/nxp/s32ds.3.4/s32ds/build_tools/gcc_v10.2/gcc-10.2-arm32-eabi/bin/../lib/gcc/arm-none-eabi/10.2.0/../../../../arm-none-eabi/lib/thumb/v7e-m+fp/hard\libc_nano.a(lib_a-memmove.o)
 .data          0x204000a0        0x0 c:/nxp/s32ds.3.4/s32ds/build_tools/gcc_v10.2/gcc-10.2-arm32-eabi/bin/../lib/gcc/arm-none-eabi/10.2.0/../../../../arm-none-eabi/lib/thumb/v7e-m+fp/hard\libc_nano.a(lib_a-memset.o)
 .data          0x204000a0        0x0 c:/nxp/s32ds.3.4/s32ds/build_tools/gcc_v10.2/gcc-10.2-arm32-eabi/bin/../lib/gcc/arm-none-eabi/10.2.0/thumb/v7e-m+fp/hard\libgcc.a(_aeabi_uldivmod.o)
 .data          0x204000a0        0x0 c:/nxp/s32ds.3.4/s32ds/build_tools/gcc_v10.2/gcc-10.2-arm32-eabi/bin/../lib/gcc/arm-none-eabi/10.2.0/thumb/v7e-m+fp/hard\libgcc.a(_udivmoddi4.o)
 .data          0x204000a0        0x0 c:/nxp/s32ds.3.4/s32ds/build_tools/gcc_v10.2/gcc-10.2-arm32-eabi/bin/../lib/gcc/arm-none-eabi/10.2.0/thumb/v7e-m+fp/hard\libgcc.a(_dvmd_tls.o)
 *(.data*)
                0x204000a0                . = ALIGN (0x4)
 *(.mcal_data)
 .mcal_data     0x204000a0        0x4 ./RTD/src/Clock_Ip.o
 .mcal_data     0x204000a4        0x4 ./RTD/src/Siul2_Dio_Ip.o
                0x204000a4                Siul2_Dio_Ip_au32BaseAdresses
                0x204000a8                . = ALIGN (0x4)
                0x204000a8                __sram_data_end__ = .
                0x004091c0                __sram_data_rom_end = (__sram_data_rom + (__sram_data_end__ - __sram_data_begin__))

.sram_bss       0x204000a8      0x174 load address 0x004091c0
                0x204000b0                . = ALIGN (0x10)
 *fill*         0x204000a8        0x8 
                0x204000b0                __sram_bss_start = .
 *(.bss)
 .bss           0x204000b0        0x0 ./Project_Settings/Startup_Code/Vector_Table.o
 .bss           0x204000b0        0x0 ./Project_Settings/Startup_Code/exceptions.o
 .bss           0x204000b0        0x0 ./Project_Settings/Startup_Code/nvic.o
 .bss           0x204000b0        0x0 ./Project_Settings/Startup_Code/startup.o
 .bss           0x204000b0        0x0 ./Project_Settings/Startup_Code/startup_cm7.o
 .bss           0x204000b0       0x78 ./Project_Settings/Startup_Code/system.o
                0x204000b0                rbar
                0x204000ec                rasr
 .bss           0x20400128        0x0 ./RTD/src/Cache_Ip.o
 .bss           0x20400128        0x0 ./RTD/src/Cache_Ip_HwAcc_ArmCoreMx.o
 .bss           0x20400128        0x1 ./RTD/src/Clock_Ip.o
 .bss           0x20400129        0x0 ./RTD/src/Clock_Ip_Data.o
 .bss           0x20400129        0x0 ./RTD/src/Clock_Ip_Divider.o
 .bss           0x20400129        0x0 ./RTD/src/Clock_Ip_DividerTrigger.o
 .bss           0x20400129        0x0 ./RTD/src/Clock_Ip_ExtOsc.o
 .bss           0x20400129        0x0 ./RTD/src/Clock_Ip_FracDiv.o
 .bss           0x20400129        0x0 ./RTD/src/Clock_Ip_Frequency.o
 .bss           0x20400129        0x0 ./RTD/src/Clock_Ip_Gate.o
 .bss           0x20400129        0x0 ./RTD/src/Clock_Ip_IntOsc.o
 .bss           0x20400129        0x0 ./RTD/src/Clock_Ip_Irq.o
 *fill*         0x20400129        0x3 
 .bss           0x2040012c       0x18 ./RTD/src/Clock_Ip_Monitor.o
 .bss           0x20400144        0x0 ./RTD/src/Clock_Ip_Pll.o
 .bss           0x20400144       0x18 ./RTD/src/Clock_Ip_ProgFreqSwitch.o
 .bss           0x2040015c        0x0 ./RTD/src/Clock_Ip_Selector.o
 .bss           0x2040015c        0x0 ./RTD/src/Clock_Ip_Specific.o
 .bss           0x2040015c        0x0 ./RTD/src/Det.o
 .bss           0x2040015c        0x0 ./RTD/src/Det_stub.o
 .bss           0x2040015c        0x0 ./RTD/src/Lpuart_Uart_Ip.o
 .bss           0x2040015c        0x0 ./RTD/src/Lpuart_Uart_Ip_Irq.o
 .bss           0x2040015c        0x0 ./RTD/src/Mpu_M7_Ip.o
 .bss           0x2040015c        0x0 ./RTD/src/OsIf_Timer.o
 .bss           0x2040015c        0x0 ./RTD/src/OsIf_Timer_System.o
 .bss           0x2040015c        0x0 ./RTD/src/OsIf_Timer_System_Internal_Systick.o
 .bss           0x2040015c        0x0 ./RTD/src/SchM_Dio.o
 .bss           0x2040015c        0x0 ./RTD/src/SchM_Mcl.o
 .bss           0x2040015c        0x0 ./RTD/src/SchM_Mcu.o
 .bss           0x2040015c        0x0 ./RTD/src/SchM_Port.o
 .bss           0x2040015c        0x0 ./RTD/src/SchM_Rm.o
 .bss           0x2040015c        0x0 ./RTD/src/SchM_Uart.o
 .bss           0x2040015c        0x0 ./RTD/src/Sema42_Ip.o
 .bss           0x2040015c        0x0 ./RTD/src/Siul2_Dio_Ip.o
 .bss           0x2040015c        0x0 ./RTD/src/Siul2_Port_Ip.o
 .bss           0x2040015c        0x0 ./RTD/src/Tspc_Port_Ip.o
 .bss           0x2040015c        0x0 ./RTD/src/Xrdc_Ip.o
 .bss           0x2040015c        0x0 ./board/Clock_Ip_Cfg.o
 .bss           0x2040015c        0x0 ./board/Clock_Ip_PBcfg.o
 .bss           0x2040015c        0x0 ./board/Siul2_Port_Ip_Cfg.o
 .bss           0x2040015c        0x0 ./board/Tspc_Port_Ip_Cfg.o
 .bss           0x2040015c        0x0 ./generate/include/OsIf_Cfg.o
 .bss           0x2040015c        0x0 ./generate/src/Lpuart_Uart_Ip_Sa_BOARD_InitPeripherals_PBcfg.o
 .bss           0x2040015c        0x0 ./generate/src/Mpu_M7_Ip_Cfg.o
 .bss           0x2040015c        0x0 ./generate/src/Xrdc_Ip_BOARD_InitPeripherals_PBcfg.o
 .bss           0x2040015c        0x0 ./generate/src/Xrdc_Ip_Cfg.o
 .bss           0x2040015c        0x4 ./src/main.o
                0x2040015c                exit_code
 .bss           0x20400160        0x4 ./src/main_c0.o
                0x20400160                exit_code0
 .bss           0x20400164        0x4 ./src/main_c1.o
                0x20400164                exit_code1
 .bss           0x20400168        0x0 c:/nxp/s32ds.3.4/s32ds/build_tools/gcc_v10.2/gcc-10.2-arm32-eabi/bin/../lib/gcc/arm-none-eabi/10.2.0/../../../../arm-none-eabi/lib/thumb/v7e-m+fp/hard\libc_nano.a(lib_a-memmove.o)
 .bss           0x20400168        0x0 c:/nxp/s32ds.3.4/s32ds/build_tools/gcc_v10.2/gcc-10.2-arm32-eabi/bin/../lib/gcc/arm-none-eabi/10.2.0/../../../../arm-none-eabi/lib/thumb/v7e-m+fp/hard\libc_nano.a(lib_a-memset.o)
 .bss           0x20400168        0x0 c:/nxp/s32ds.3.4/s32ds/build_tools/gcc_v10.2/gcc-10.2-arm32-eabi/bin/../lib/gcc/arm-none-eabi/10.2.0/thumb/v7e-m+fp/hard\libgcc.a(_aeabi_uldivmod.o)
 .bss           0x20400168        0x0 c:/nxp/s32ds.3.4/s32ds/build_tools/gcc_v10.2/gcc-10.2-arm32-eabi/bin/../lib/gcc/arm-none-eabi/10.2.0/thumb/v7e-m+fp/hard\libgcc.a(_udivmoddi4.o)
 .bss           0x20400168        0x0 c:/nxp/s32ds.3.4/s32ds/build_tools/gcc_v10.2/gcc-10.2-arm32-eabi/bin/../lib/gcc/arm-none-eabi/10.2.0/thumb/v7e-m+fp/hard\libgcc.a(_dvmd_tls.o)
 *(.bss*)
                0x20400170                . = ALIGN (0x10)
 *fill*         0x20400168        0x8 
 *(.mcal_bss)
 .mcal_bss      0x20400170        0x4 ./Project_Settings/Startup_Code/system.o
                0x20400170                RESET_CATCH_CORE
 .mcal_bss      0x20400174        0x9 ./RTD/src/Clock_Ip.o
                0x20400178                Clock_Ip_pxConfig
 *fill*         0x2040017d        0x3 
 .mcal_bss      0x20400180        0x8 ./RTD/src/Clock_Ip_Specific.o
 .mcal_bss      0x20400188       0x80 ./RTD/src/Lpuart_Uart_Ip.o
                0x204001c8                Lpuart_Uart_Ip_apUserConfig
 .mcal_bss      0x20400208        0xc ./RTD/src/OsIf_Timer_System.o
 .mcal_bss      0x20400214        0x8 ./RTD/src/Siul2_Port_Ip.o
                0x2040021c                . = ALIGN (0x4)
                0x2040021c                __sram_bss_end = .

.heap           0x2040021c     0x2000 load address 0x00409334
                0x00000000                . = (. + ALIGN (0x4))
                0x2040021c                _end = .
                0x2040021c                end = .
                0x2040021c                _heap_start = .
                0x00002000                . = (. + HEAP_SIZE)
 *fill*         0x2040021c     0x2000 
                0x2040221c                _heap_end = .

.acfls_code_ram
                0x2042df00        0x0
                0x2042df00                acfls_code_ram_start = .
 *(.acfls_code_ram)
                0x2042df00                acfls_code_ram_stop = .
                0x004091c0                __non_cacheable_data_rom = __sram_data_rom_end

.non_cacheable_data
                0x20430000      0x40c load address 0x004091c0
                0x20430000                . = ALIGN (0x4)
                0x20430000                __non_cacheable_data_start__ = .
                0x20430000                . = ALIGN (0x1000)
                0x20430000                __interrupts_ram_start = .
                0x20430408                . = (. + (__interrupts_rom_end - __interrupts_rom_start))
 *fill*         0x20430000      0x408 
                0x20430408                . = ALIGN (0x4)
                0x20430408                __interrupts_ram_end = .
 *(.mcal_data_no_cacheable)
                0x20430408                . = ALIGN (0x4)
 *(.mcal_const_no_cacheable)
                0x20430408                . = ALIGN (0x4)
                0x20430408                HSE_LOOP_ADDR = .
                0x20430408        0x4 LONG 0x0
                0x2043040c                __non_cacheable_data_end__ = .

.igot.plt       0x2043040c        0x0 load address 0x004095cc
 .igot.plt      0x2043040c        0x0 ./Project_Settings/Startup_Code/Vector_Table.o

int_results     0x2043ff00      0x100
                0x2043ff00                . = ALIGN (0x4)
 *(.int_results)
                0x20440000                . = (. + 0x100)
 *fill*         0x2043ff00      0x100 
                0x004095cc                __non_cacheable_data_rom_end = (__non_cacheable_data_rom + (__non_cacheable_data_end__ - __non_cacheable_data_start__))

.non_cacheable_bss
                0x2043040c      0x7ec load address 0x004095cc
                0x20430410                . = ALIGN (0x10)
 *fill*         0x2043040c        0x4 
                0x20430410                __non_cacheable_bss_start = .
 *(.mcal_bss_no_cacheable)
 .mcal_bss_no_cacheable
                0x20430410       0x96 ./RTD/src/Det.o
                0x20430410                Det_TransientModuleId
                0x20430424                Det_ApiId
                0x2043042e                Det_TransientInstanceId
                0x20430438                Det_ErrorId
                0x20430442                Det_TransientApiId
                0x2043044c                Det_RuntimeModuleId
                0x20430460                Det_TransientFaultId
                0x2043046a                Det_RuntimeInstanceId
                0x20430474                Det_RuntimeApiId
                0x2043047e                Det_ModuleId
                0x20430492                Det_RuntimeErrorId
                0x2043049c                Det_InstanceId
 *fill*         0x204304a6        0x2 
 .mcal_bss_no_cacheable
                0x204304a8      0x200 ./RTD/src/Lpuart_Uart_Ip.o
                0x204304a8                Lpuart_Uart_Ip_apStateStructure
 .mcal_bss_no_cacheable
                0x204306a8       0x20 ./RTD/src/SchM_Dio.o
 .mcal_bss_no_cacheable
                0x204306c8      0x2f0 ./RTD/src/SchM_Mcl.o
 .mcal_bss_no_cacheable
                0x204309b8       0x30 ./RTD/src/SchM_Mcu.o
 .mcal_bss_no_cacheable
                0x204309e8       0xb0 ./RTD/src/SchM_Port.o
 .mcal_bss_no_cacheable
                0x20430a98       0xd0 ./RTD/src/SchM_Rm.o
 .mcal_bss_no_cacheable
                0x20430b68       0x90 ./RTD/src/SchM_Uart.o
                0x20430bf8                . = ALIGN (0x4)
                0x20430bf8                __non_cacheable_bss_end = .
                0x004095cc                __shareable_data_rom = __non_cacheable_data_rom_end

.shareable_data
                0x20440000        0x0 load address 0x004095cc
                0x20440000                . = ALIGN (0x4)
                0x20440000                __shareable_data_start__ = .
 *(.mcal_shared_data)
                0x20440000                . = ALIGN (0x4)
                0x20440000                __shareable_data_end__ = .
                0x004095cc                __shareable_data_rom_end = (__shareable_data_rom + (__shareable_data_end__ - __shareable_data_start__))

.shareable_bss  0x20440000        0x0
                0x20440000                . = ALIGN (0x10)
                0x20440000                __shareable_bss_start = .
 *(.mcal_shared_bss)
                0x20440000                . = ALIGN (0x4)
                0x20440000                __shareable_bss_end = .
                0x2042e000                __Stack_end_c0 = ORIGIN (int_sram_stack_c0)
                0x2042f000                __Stack_start_c0 = (ORIGIN (int_sram_stack_c0) + LENGTH (int_sram_stack_c0))
                0x2042f000                __Stack_end_c1 = ORIGIN (int_sram_stack_c1)
                0x20430000                __Stack_start_c1 = (ORIGIN (int_sram_stack_c1) + LENGTH (int_sram_stack_c1))
                0x20400000                __INT_SRAM_START = ORIGIN (int_sram)
                0x20444000                __INT_SRAM_END = ORIGIN (ram_rsvd2)
                0x00000000                __INT_ITCM_START = ORIGIN (int_itcm)
                0x00008000                __INT_ITCM_END = (ORIGIN (int_itcm) + LENGTH (int_itcm))
                0x20000000                __INT_DTCM_START = ORIGIN (int_dtcm)
                0x20010000                __INT_DTCM_END = (ORIGIN (int_dtcm) + LENGTH (int_dtcm))
                0x20440000                __RAM_SHAREABLE_START = ORIGIN (int_sram_shareable)
                0x20443fff                __RAM_SHAREABLE_END = (ORIGIN (ram_rsvd2) - 0x1)
                0x0000000e                __RAM_SHAREABLE_SIZE = 0xe
                0x004095cc                __ROM_SHAREABLE_START = __shareable_data_rom
                0x004095cc                __ROM_SHAREABLE_END = __shareable_data_rom_end
                0x20430000                __RAM_NO_CACHEABLE_START = ORIGIN (int_sram_no_cacheable)
                0x2043ffff                __RAM_NO_CACHEABLE_END = (ORIGIN (int_sram_shareable) - 0x1)
                0x00000010                __RAM_NO_CACHEABLE_SIZE = 0x10
                0x004091c0                __ROM_NO_CACHEABLE_START = __non_cacheable_data_rom
                0x004095cc                __ROM_NO_CACHEABLE_END = __non_cacheable_data_rom_end
                0x20400000                __RAM_CACHEABLE_START = ORIGIN (int_sram)
                0x2042ffff                __RAM_CACHEABLE_END = (ORIGIN (int_sram_no_cacheable) - 0x1)
                0x00000012                __RAM_CACHEABLE_SIZE = 0x12
                0x00409118                __ROM_CACHEABLE_START = __sram_data_rom
                0x004091c0                __ROM_CACHEABLE_END = __sram_data_rom_end
                0x00400000                __ROM_CODE_START = ORIGIN (int_flash)
                0x10000000                __ROM_DATA_START = 0x10000000
                0x204000b0                __BSS_SRAM_START = __sram_bss_start
                0x2040021c                __BSS_SRAM_END = __sram_bss_end
                0x0000016c                __BSS_SRAM_SIZE = (__sram_bss_end - __sram_bss_start)
                0x20430410                __BSS_SRAM_NC_START = __non_cacheable_bss_start
                0x000007e8                __BSS_SRAM_NC_SIZE = (__non_cacheable_bss_end - __non_cacheable_bss_start)
                0x20430bf8                __BSS_SRAM_NC_END = __non_cacheable_bss_end
                0x20440000                __BSS_SRAM_SH_START = __shareable_bss_start
                0x00000000                __BSS_SRAM_SH_SIZE = (__shareable_bss_end - __shareable_bss_start)
                0x20440000                __BSS_SRAM_SH_END = __shareable_bss_end
                0x20430000                __RAM_INTERRUPT_START = __interrupts_ram_start
                0x00401000                __ROM_INTERRUPT_START = __interrupts_rom_start
                0x00401408                __ROM_INTERRUPT_END = __interrupts_rom_end
                0x004090c0                __INIT_TABLE = __init_table
                0x004090f4                __ZERO_TABLE = __zero_table
                0x00000001                __RAM_INIT = 0x1
                0x00000001                __ITCM_INIT = 0x1
                0x00000001                __DTCM_INIT = 0x1
                0x00407538                Fls_ACEraseRomStart = __acfls_code_rom_start
                0x00407590                Fls_ACEraseRomEnd = __acfls_code_rom_end
                0x00000016                Fls_ACEraseSize = ((__acfls_code_rom_end - __acfls_code_rom_start) / 0x4)
                0x00407538                Fls_ACWriteRomStart = __acfls_code_rom_start
                0x00407590                Fls_ACWriteRomEnd = __acfls_code_rom_end
                0x00000016                Fls_ACWriteSize = ((__acfls_code_rom_end - __acfls_code_rom_start) / 0x4)
                0x2042df00                _ERASE_FUNC_ADDRESS_ = ADDR (.acfls_code_ram)
                0x2042df00                _WRITE_FUNC_ADDRESS_ = ADDR (.acfls_code_ram)
                0x00401000                __ENTRY_VTABLE = __ROM_INTERRUPT_START
                0x00401000                __CORE0_VTOR = __interrupts_rom_start
                0x00401000                __CORE1_VTOR = __interrupts_rom_start
OUTPUT(FreeRTOS_SMP_CORTEX_M7_S32K324_M7_0.elf elf32-littlearm)
LOAD linker stubs

.ARM.attributes
                0x00000000       0x30
 .ARM.attributes
                0x00000000       0x20 ./Project_Settings/Startup_Code/Vector_Table.o
 .ARM.attributes
                0x00000020       0x34 ./Project_Settings/Startup_Code/exceptions.o
 .ARM.attributes
                0x00000054       0x34 ./Project_Settings/Startup_Code/nvic.o
 .ARM.attributes
                0x00000088       0x34 ./Project_Settings/Startup_Code/startup.o
 .ARM.attributes
                0x000000bc       0x1f ./Project_Settings/Startup_Code/startup_cm7.o
 .ARM.attributes
                0x000000db       0x34 ./Project_Settings/Startup_Code/system.o
 .ARM.attributes
                0x0000010f       0x39 ./RTD/src/Cache_Ip.o
 .ARM.attributes
                0x00000148       0x39 ./RTD/src/Cache_Ip_HwAcc_ArmCoreMx.o
 .ARM.attributes
                0x00000181       0x34 ./RTD/src/Clock_Ip.o
 .ARM.attributes
                0x000001b5       0x39 ./RTD/src/Clock_Ip_Data.o
 .ARM.attributes
                0x000001ee       0x34 ./RTD/src/Clock_Ip_Divider.o
 .ARM.attributes
                0x00000222       0x34 ./RTD/src/Clock_Ip_DividerTrigger.o
 .ARM.attributes
                0x00000256       0x34 ./RTD/src/Clock_Ip_ExtOsc.o
 .ARM.attributes
                0x0000028a       0x34 ./RTD/src/Clock_Ip_FracDiv.o
 .ARM.attributes
                0x000002be       0x39 ./RTD/src/Clock_Ip_Frequency.o
 .ARM.attributes
                0x000002f7       0x34 ./RTD/src/Clock_Ip_Gate.o
 .ARM.attributes
                0x0000032b       0x34 ./RTD/src/Clock_Ip_IntOsc.o
 .ARM.attributes
                0x0000035f       0x34 ./RTD/src/Clock_Ip_Irq.o
 .ARM.attributes
                0x00000393       0x34 ./RTD/src/Clock_Ip_Monitor.o
 .ARM.attributes
                0x000003c7       0x34 ./RTD/src/Clock_Ip_Pll.o
 .ARM.attributes
                0x000003fb       0x34 ./RTD/src/Clock_Ip_ProgFreqSwitch.o
 .ARM.attributes
                0x0000042f       0x34 ./RTD/src/Clock_Ip_Selector.o
 .ARM.attributes
                0x00000463       0x34 ./RTD/src/Clock_Ip_Specific.o
 .ARM.attributes
                0x00000497       0x34 ./RTD/src/Det.o
 .ARM.attributes
                0x000004cb       0x34 ./RTD/src/Det_stub.o
 .ARM.attributes
                0x000004ff       0x34 ./RTD/src/Lpuart_Uart_Ip.o
 .ARM.attributes
                0x00000533       0x34 ./RTD/src/Lpuart_Uart_Ip_Irq.o
 .ARM.attributes
                0x00000567       0x34 ./RTD/src/Mpu_M7_Ip.o
 .ARM.attributes
                0x0000059b       0x34 ./RTD/src/OsIf_Timer.o
 .ARM.attributes
                0x000005cf       0x34 ./RTD/src/OsIf_Timer_System.o
 .ARM.attributes
                0x00000603       0x34 ./RTD/src/OsIf_Timer_System_Internal_Systick.o
 .ARM.attributes
                0x00000637       0x34 ./RTD/src/SchM_Dio.o
 .ARM.attributes
                0x0000066b       0x34 ./RTD/src/SchM_Mcl.o
 .ARM.attributes
                0x0000069f       0x34 ./RTD/src/SchM_Mcu.o
 .ARM.attributes
                0x000006d3       0x34 ./RTD/src/SchM_Port.o
 .ARM.attributes
                0x00000707       0x34 ./RTD/src/SchM_Rm.o
 .ARM.attributes
                0x0000073b       0x34 ./RTD/src/SchM_Uart.o
 .ARM.attributes
                0x0000076f       0x34 ./RTD/src/Sema42_Ip.o
 .ARM.attributes
                0x000007a3       0x34 ./RTD/src/Siul2_Dio_Ip.o
 .ARM.attributes
                0x000007d7       0x34 ./RTD/src/Siul2_Port_Ip.o
 .ARM.attributes
                0x0000080b       0x34 ./RTD/src/Tspc_Port_Ip.o
 .ARM.attributes
                0x0000083f       0x34 ./RTD/src/Xrdc_Ip.o
 .ARM.attributes
                0x00000873       0x39 ./board/Clock_Ip_Cfg.o
 .ARM.attributes
                0x000008ac       0x39 ./board/Clock_Ip_PBcfg.o
 .ARM.attributes
                0x000008e5       0x39 ./board/Siul2_Port_Ip_Cfg.o
 .ARM.attributes
                0x0000091e       0x39 ./board/Tspc_Port_Ip_Cfg.o
 .ARM.attributes
                0x00000957       0x39 ./generate/include/OsIf_Cfg.o
 .ARM.attributes
                0x00000990       0x39 ./generate/src/Lpuart_Uart_Ip_Sa_BOARD_InitPeripherals_PBcfg.o
 .ARM.attributes
                0x000009c9       0x39 ./generate/src/Mpu_M7_Ip_Cfg.o
 .ARM.attributes
                0x00000a02       0x39 ./generate/src/Xrdc_Ip_BOARD_InitPeripherals_PBcfg.o
 .ARM.attributes
                0x00000a3b       0x39 ./generate/src/Xrdc_Ip_Cfg.o
 .ARM.attributes
                0x00000a74       0x34 ./src/main.o
 .ARM.attributes
                0x00000aa8       0x34 ./src/main_c0.o
 .ARM.attributes
                0x00000adc       0x34 ./src/main_c1.o
 .ARM.attributes
                0x00000b10       0x34 c:/nxp/s32ds.3.4/s32ds/build_tools/gcc_v10.2/gcc-10.2-arm32-eabi/bin/../lib/gcc/arm-none-eabi/10.2.0/../../../../arm-none-eabi/lib/thumb/v7e-m+fp/hard\libc_nano.a(lib_a-memmove.o)
 .ARM.attributes
                0x00000b44       0x34 c:/nxp/s32ds.3.4/s32ds/build_tools/gcc_v10.2/gcc-10.2-arm32-eabi/bin/../lib/gcc/arm-none-eabi/10.2.0/../../../../arm-none-eabi/lib/thumb/v7e-m+fp/hard\libc_nano.a(lib_a-memset.o)
 .ARM.attributes
                0x00000b78       0x1e c:/nxp/s32ds.3.4/s32ds/build_tools/gcc_v10.2/gcc-10.2-arm32-eabi/bin/../lib/gcc/arm-none-eabi/10.2.0/thumb/v7e-m+fp/hard\libgcc.a(_aeabi_uldivmod.o)
 .ARM.attributes
                0x00000b96       0x34 c:/nxp/s32ds.3.4/s32ds/build_tools/gcc_v10.2/gcc-10.2-arm32-eabi/bin/../lib/gcc/arm-none-eabi/10.2.0/thumb/v7e-m+fp/hard\libgcc.a(_udivmoddi4.o)
 .ARM.attributes
                0x00000bca       0x1e c:/nxp/s32ds.3.4/s32ds/build_tools/gcc_v10.2/gcc-10.2-arm32-eabi/bin/../lib/gcc/arm-none-eabi/10.2.0/thumb/v7e-m+fp/hard\libgcc.a(_dvmd_tls.o)

.comment        0x00000000       0x88
 .comment       0x00000000       0x88 ./Project_Settings/Startup_Code/exceptions.o
                                 0x89 (size before relaxing)
 .comment       0x00000088       0x89 ./Project_Settings/Startup_Code/nvic.o
 .comment       0x00000088       0x89 ./Project_Settings/Startup_Code/startup.o
 .comment       0x00000088       0x89 ./Project_Settings/Startup_Code/system.o
 .comment       0x00000088       0x89 ./RTD/src/Cache_Ip.o
 .comment       0x00000088       0x89 ./RTD/src/Cache_Ip_HwAcc_ArmCoreMx.o
 .comment       0x00000088       0x89 ./RTD/src/Clock_Ip.o
 .comment       0x00000088       0x89 ./RTD/src/Clock_Ip_Data.o
 .comment       0x00000088       0x89 ./RTD/src/Clock_Ip_Divider.o
 .comment       0x00000088       0x89 ./RTD/src/Clock_Ip_DividerTrigger.o
 .comment       0x00000088       0x89 ./RTD/src/Clock_Ip_ExtOsc.o
 .comment       0x00000088       0x89 ./RTD/src/Clock_Ip_FracDiv.o
 .comment       0x00000088       0x89 ./RTD/src/Clock_Ip_Frequency.o
 .comment       0x00000088       0x89 ./RTD/src/Clock_Ip_Gate.o
 .comment       0x00000088       0x89 ./RTD/src/Clock_Ip_IntOsc.o
 .comment       0x00000088       0x89 ./RTD/src/Clock_Ip_Irq.o
 .comment       0x00000088       0x89 ./RTD/src/Clock_Ip_Monitor.o
 .comment       0x00000088       0x89 ./RTD/src/Clock_Ip_Pll.o
 .comment       0x00000088       0x89 ./RTD/src/Clock_Ip_ProgFreqSwitch.o
 .comment       0x00000088       0x89 ./RTD/src/Clock_Ip_Selector.o
 .comment       0x00000088       0x89 ./RTD/src/Clock_Ip_Specific.o
 .comment       0x00000088       0x89 ./RTD/src/Det.o
 .comment       0x00000088       0x89 ./RTD/src/Det_stub.o
 .comment       0x00000088       0x89 ./RTD/src/Lpuart_Uart_Ip.o
 .comment       0x00000088       0x89 ./RTD/src/Lpuart_Uart_Ip_Irq.o
 .comment       0x00000088       0x89 ./RTD/src/Mpu_M7_Ip.o
 .comment       0x00000088       0x89 ./RTD/src/OsIf_Timer.o
 .comment       0x00000088       0x89 ./RTD/src/OsIf_Timer_System.o
 .comment       0x00000088       0x89 ./RTD/src/OsIf_Timer_System_Internal_Systick.o
 .comment       0x00000088       0x89 ./RTD/src/SchM_Dio.o
 .comment       0x00000088       0x89 ./RTD/src/SchM_Mcl.o
 .comment       0x00000088       0x89 ./RTD/src/SchM_Mcu.o
 .comment       0x00000088       0x89 ./RTD/src/SchM_Port.o
 .comment       0x00000088       0x89 ./RTD/src/SchM_Rm.o
 .comment       0x00000088       0x89 ./RTD/src/SchM_Uart.o
 .comment       0x00000088       0x89 ./RTD/src/Sema42_Ip.o
 .comment       0x00000088       0x89 ./RTD/src/Siul2_Dio_Ip.o
 .comment       0x00000088       0x89 ./RTD/src/Siul2_Port_Ip.o
 .comment       0x00000088       0x89 ./RTD/src/Tspc_Port_Ip.o
 .comment       0x00000088       0x89 ./RTD/src/Xrdc_Ip.o
 .comment       0x00000088       0x89 ./board/Clock_Ip_Cfg.o
 .comment       0x00000088       0x89 ./board/Clock_Ip_PBcfg.o
 .comment       0x00000088       0x89 ./board/Siul2_Port_Ip_Cfg.o
 .comment       0x00000088       0x89 ./board/Tspc_Port_Ip_Cfg.o
 .comment       0x00000088       0x89 ./generate/include/OsIf_Cfg.o
 .comment       0x00000088       0x89 ./generate/src/Lpuart_Uart_Ip_Sa_BOARD_InitPeripherals_PBcfg.o
 .comment       0x00000088       0x89 ./generate/src/Mpu_M7_Ip_Cfg.o
 .comment       0x00000088       0x89 ./generate/src/Xrdc_Ip_BOARD_InitPeripherals_PBcfg.o
 .comment       0x00000088       0x89 ./generate/src/Xrdc_Ip_Cfg.o
 .comment       0x00000088       0x89 ./src/main.o
 .comment       0x00000088       0x89 ./src/main_c0.o
 .comment       0x00000088       0x89 ./src/main_c1.o
 .comment       0x00000088       0x89 c:/nxp/s32ds.3.4/s32ds/build_tools/gcc_v10.2/gcc-10.2-arm32-eabi/bin/../lib/gcc/arm-none-eabi/10.2.0/../../../../arm-none-eabi/lib/thumb/v7e-m+fp/hard\libc_nano.a(lib_a-memmove.o)
 .comment       0x00000088       0x89 c:/nxp/s32ds.3.4/s32ds/build_tools/gcc_v10.2/gcc-10.2-arm32-eabi/bin/../lib/gcc/arm-none-eabi/10.2.0/../../../../arm-none-eabi/lib/thumb/v7e-m+fp/hard\libc_nano.a(lib_a-memset.o)

.debug_info     0x00000000    0x25140
 .debug_info    0x00000000      0x139 ./Project_Settings/Startup_Code/exceptions.o
 .debug_info    0x00000139      0x76a ./Project_Settings/Startup_Code/nvic.o
 .debug_info    0x000008a3      0x25e ./Project_Settings/Startup_Code/startup.o
 .debug_info    0x00000b01       0x22 ./Project_Settings/Startup_Code/startup_cm7.o
 .debug_info    0x00000b23      0xbda ./Project_Settings/Startup_Code/system.o
 .debug_info    0x000016fd       0x7d ./RTD/src/Cache_Ip.o
 .debug_info    0x0000177a       0x7d ./RTD/src/Cache_Ip_HwAcc_ArmCoreMx.o
 .debug_info    0x000017f7     0x205e ./RTD/src/Clock_Ip.o
 .debug_info    0x00003855     0x160d ./RTD/src/Clock_Ip_Data.o
 .debug_info    0x00004e62      0xa13 ./RTD/src/Clock_Ip_Divider.o
 .debug_info    0x00005875      0x817 ./RTD/src/Clock_Ip_DividerTrigger.o
 .debug_info    0x0000608c      0xa31 ./RTD/src/Clock_Ip_ExtOsc.o
 .debug_info    0x00006abd      0x5f3 ./RTD/src/Clock_Ip_FracDiv.o
 .debug_info    0x000070b0       0x7d ./RTD/src/Clock_Ip_Frequency.o
 .debug_info    0x0000712d      0xa07 ./RTD/src/Clock_Ip_Gate.o
 .debug_info    0x00007b34      0x7ca ./RTD/src/Clock_Ip_IntOsc.o
 .debug_info    0x000082fe       0xb2 ./RTD/src/Clock_Ip_Irq.o
 .debug_info    0x000083b0     0x14b1 ./RTD/src/Clock_Ip_Monitor.o
 .debug_info    0x00009861      0x9f9 ./RTD/src/Clock_Ip_Pll.o
 .debug_info    0x0000a25a      0x828 ./RTD/src/Clock_Ip_ProgFreqSwitch.o
 .debug_info    0x0000aa82      0xe37 ./RTD/src/Clock_Ip_Selector.o
 .debug_info    0x0000b8b9     0x1811 ./RTD/src/Clock_Ip_Specific.o
 .debug_info    0x0000d0ca      0x41b ./RTD/src/Det.o
 .debug_info    0x0000d4e5      0x471 ./RTD/src/Det_stub.o
 .debug_info    0x0000d956     0x3481 ./RTD/src/Lpuart_Uart_Ip.o
 .debug_info    0x00010dd7       0xb8 ./RTD/src/Lpuart_Uart_Ip_Irq.o
 .debug_info    0x00010e8f      0xf06 ./RTD/src/Mpu_M7_Ip.o
 .debug_info    0x00011d95      0x374 ./RTD/src/OsIf_Timer.o
 .debug_info    0x00012109      0x475 ./RTD/src/OsIf_Timer_System.o
 .debug_info    0x0001257e      0x187 ./RTD/src/OsIf_Timer_System_Internal_Systick.o
 .debug_info    0x00012705      0x2a4 ./RTD/src/SchM_Dio.o
 .debug_info    0x000129a9     0x22fc ./RTD/src/SchM_Mcl.o
 .debug_info    0x00014ca5      0x35c ./RTD/src/SchM_Mcu.o
 .debug_info    0x00015001      0x91c ./RTD/src/SchM_Port.o
 .debug_info    0x0001591d      0xa8c ./RTD/src/SchM_Rm.o
 .debug_info    0x000163a9      0x7ac ./RTD/src/SchM_Uart.o
 .debug_info    0x00016b55      0x838 ./RTD/src/Sema42_Ip.o
 .debug_info    0x0001738d     0x24ae ./RTD/src/Siul2_Dio_Ip.o
 .debug_info    0x0001983b     0x2c32 ./RTD/src/Siul2_Port_Ip.o
 .debug_info    0x0001c46d      0x347 ./RTD/src/Tspc_Port_Ip.o
 .debug_info    0x0001c7b4     0x104a ./RTD/src/Xrdc_Ip.o
 .debug_info    0x0001d7fe       0x7d ./board/Clock_Ip_Cfg.o
 .debug_info    0x0001d87b      0xc1b ./board/Clock_Ip_PBcfg.o
 .debug_info    0x0001e496     0x21e3 ./board/Siul2_Port_Ip_Cfg.o
 .debug_info    0x00020679       0x7d ./board/Tspc_Port_Ip_Cfg.o
 .debug_info    0x000206f6      0x11a ./generate/include/OsIf_Cfg.o
 .debug_info    0x00020810      0x3b9 ./generate/src/Lpuart_Uart_Ip_Sa_BOARD_InitPeripherals_PBcfg.o
 .debug_info    0x00020bc9      0x319 ./generate/src/Mpu_M7_Ip_Cfg.o
 .debug_info    0x00020ee2      0x545 ./generate/src/Xrdc_Ip_BOARD_InitPeripherals_PBcfg.o
 .debug_info    0x00021427       0x7d ./generate/src/Xrdc_Ip_Cfg.o
 .debug_info    0x000214a4       0xf7 ./src/main.o
 .debug_info    0x0002159b     0x3586 ./src/main_c0.o
 .debug_info    0x00024b21       0xb2 ./src/main_c1.o
 .debug_info    0x00024bd3       0x26 c:/nxp/s32ds.3.4/s32ds/build_tools/gcc_v10.2/gcc-10.2-arm32-eabi/bin/../lib/gcc/arm-none-eabi/10.2.0/thumb/v7e-m+fp/hard\libgcc.a(_aeabi_uldivmod.o)
 .debug_info    0x00024bf9      0x521 c:/nxp/s32ds.3.4/s32ds/build_tools/gcc_v10.2/gcc-10.2-arm32-eabi/bin/../lib/gcc/arm-none-eabi/10.2.0/thumb/v7e-m+fp/hard\libgcc.a(_udivmoddi4.o)
 .debug_info    0x0002511a       0x26 c:/nxp/s32ds.3.4/s32ds/build_tools/gcc_v10.2/gcc-10.2-arm32-eabi/bin/../lib/gcc/arm-none-eabi/10.2.0/thumb/v7e-m+fp/hard\libgcc.a(_dvmd_tls.o)

.debug_abbrev   0x00000000     0x4e8c
 .debug_abbrev  0x00000000       0x47 ./Project_Settings/Startup_Code/exceptions.o
 .debug_abbrev  0x00000047      0x102 ./Project_Settings/Startup_Code/nvic.o
 .debug_abbrev  0x00000149      0x119 ./Project_Settings/Startup_Code/startup.o
 .debug_abbrev  0x00000262       0x12 ./Project_Settings/Startup_Code/startup_cm7.o
 .debug_abbrev  0x00000274      0x221 ./Project_Settings/Startup_Code/system.o
 .debug_abbrev  0x00000495       0x29 ./RTD/src/Cache_Ip.o
 .debug_abbrev  0x000004be       0x29 ./RTD/src/Cache_Ip_HwAcc_ArmCoreMx.o
 .debug_abbrev  0x000004e7      0x3ac ./RTD/src/Clock_Ip.o
 .debug_abbrev  0x00000893      0x139 ./RTD/src/Clock_Ip_Data.o
 .debug_abbrev  0x000009cc      0x1e1 ./RTD/src/Clock_Ip_Divider.o
 .debug_abbrev  0x00000bad      0x1d0 ./RTD/src/Clock_Ip_DividerTrigger.o
 .debug_abbrev  0x00000d7d      0x24a ./RTD/src/Clock_Ip_ExtOsc.o
 .debug_abbrev  0x00000fc7      0x150 ./RTD/src/Clock_Ip_FracDiv.o
 .debug_abbrev  0x00001117       0x29 ./RTD/src/Clock_Ip_Frequency.o
 .debug_abbrev  0x00001140      0x1fa ./RTD/src/Clock_Ip_Gate.o
 .debug_abbrev  0x0000133a      0x1ad ./RTD/src/Clock_Ip_IntOsc.o
 .debug_abbrev  0x000014e7       0x6a ./RTD/src/Clock_Ip_Irq.o
 .debug_abbrev  0x00001551      0x34b ./RTD/src/Clock_Ip_Monitor.o
 .debug_abbrev  0x0000189c      0x250 ./RTD/src/Clock_Ip_Pll.o
 .debug_abbrev  0x00001aec      0x1d5 ./RTD/src/Clock_Ip_ProgFreqSwitch.o
 .debug_abbrev  0x00001cc1      0x248 ./RTD/src/Clock_Ip_Selector.o
 .debug_abbrev  0x00001f09      0x31c ./RTD/src/Clock_Ip_Specific.o
 .debug_abbrev  0x00002225      0x11c ./RTD/src/Det.o
 .debug_abbrev  0x00002341       0xc5 ./RTD/src/Det_stub.o
 .debug_abbrev  0x00002406      0x37d ./RTD/src/Lpuart_Uart_Ip.o
 .debug_abbrev  0x00002783       0x76 ./RTD/src/Lpuart_Uart_Ip_Irq.o
 .debug_abbrev  0x000027f9      0x33f ./RTD/src/Mpu_M7_Ip.o
 .debug_abbrev  0x00002b38      0x1c5 ./RTD/src/OsIf_Timer.o
 .debug_abbrev  0x00002cfd      0x1d5 ./RTD/src/OsIf_Timer_System.o
 .debug_abbrev  0x00002ed2      0x114 ./RTD/src/OsIf_Timer_System_Internal_Systick.o
 .debug_abbrev  0x00002fe6      0x110 ./RTD/src/SchM_Dio.o
 .debug_abbrev  0x000030f6      0x110 ./RTD/src/SchM_Mcl.o
 .debug_abbrev  0x00003206      0x110 ./RTD/src/SchM_Mcu.o
 .debug_abbrev  0x00003316      0x110 ./RTD/src/SchM_Port.o
 .debug_abbrev  0x00003426      0x110 ./RTD/src/SchM_Rm.o
 .debug_abbrev  0x00003536      0x110 ./RTD/src/SchM_Uart.o
 .debug_abbrev  0x00003646      0x2b9 ./RTD/src/Sema42_Ip.o
 .debug_abbrev  0x000038ff      0x2fb ./RTD/src/Siul2_Dio_Ip.o
 .debug_abbrev  0x00003bfa      0x394 ./RTD/src/Siul2_Port_Ip.o
 .debug_abbrev  0x00003f8e      0x185 ./RTD/src/Tspc_Port_Ip.o
 .debug_abbrev  0x00004113      0x322 ./RTD/src/Xrdc_Ip.o
 .debug_abbrev  0x00004435       0x29 ./board/Clock_Ip_Cfg.o
 .debug_abbrev  0x0000445e       0xf8 ./board/Clock_Ip_PBcfg.o
 .debug_abbrev  0x00004556      0x13d ./board/Siul2_Port_Ip_Cfg.o
 .debug_abbrev  0x00004693       0x29 ./board/Tspc_Port_Ip_Cfg.o
 .debug_abbrev  0x000046bc       0x9e ./generate/include/OsIf_Cfg.o
 .debug_abbrev  0x0000475a       0xda ./generate/src/Lpuart_Uart_Ip_Sa_BOARD_InitPeripherals_PBcfg.o
 .debug_abbrev  0x00004834       0xcb ./generate/src/Mpu_M7_Ip_Cfg.o
 .debug_abbrev  0x000048ff       0xda ./generate/src/Xrdc_Ip_BOARD_InitPeripherals_PBcfg.o
 .debug_abbrev  0x000049d9       0x29 ./generate/src/Xrdc_Ip_Cfg.o
 .debug_abbrev  0x00004a02       0x96 ./src/main.o
 .debug_abbrev  0x00004a98      0x247 ./src/main_c0.o
 .debug_abbrev  0x00004cdf       0x63 ./src/main_c1.o
 .debug_abbrev  0x00004d42       0x14 c:/nxp/s32ds.3.4/s32ds/build_tools/gcc_v10.2/gcc-10.2-arm32-eabi/bin/../lib/gcc/arm-none-eabi/10.2.0/thumb/v7e-m+fp/hard\libgcc.a(_aeabi_uldivmod.o)
 .debug_abbrev  0x00004d56      0x122 c:/nxp/s32ds.3.4/s32ds/build_tools/gcc_v10.2/gcc-10.2-arm32-eabi/bin/../lib/gcc/arm-none-eabi/10.2.0/thumb/v7e-m+fp/hard\libgcc.a(_udivmoddi4.o)
 .debug_abbrev  0x00004e78       0x14 c:/nxp/s32ds.3.4/s32ds/build_tools/gcc_v10.2/gcc-10.2-arm32-eabi/bin/../lib/gcc/arm-none-eabi/10.2.0/thumb/v7e-m+fp/hard\libgcc.a(_dvmd_tls.o)

.debug_aranges  0x00000000     0x1130
 .debug_aranges
                0x00000000       0x68 ./Project_Settings/Startup_Code/exceptions.o
 .debug_aranges
                0x00000068       0x38 ./Project_Settings/Startup_Code/nvic.o
 .debug_aranges
                0x000000a0       0x20 ./Project_Settings/Startup_Code/startup.o
 .debug_aranges
                0x000000c0       0x28 ./Project_Settings/Startup_Code/startup_cm7.o
 .debug_aranges
                0x000000e8       0x40 ./Project_Settings/Startup_Code/system.o
 .debug_aranges
                0x00000128       0x18 ./RTD/src/Cache_Ip.o
 .debug_aranges
                0x00000140       0x18 ./RTD/src/Cache_Ip_HwAcc_ArmCoreMx.o
 .debug_aranges
                0x00000158       0xb0 ./RTD/src/Clock_Ip.o
 .debug_aranges
                0x00000208       0x18 ./RTD/src/Clock_Ip_Data.o
 .debug_aranges
                0x00000220       0x38 ./RTD/src/Clock_Ip_Divider.o
 .debug_aranges
                0x00000258       0x30 ./RTD/src/Clock_Ip_DividerTrigger.o
 .debug_aranges
                0x00000288       0x58 ./RTD/src/Clock_Ip_ExtOsc.o
 .debug_aranges
                0x000002e0       0x28 ./RTD/src/Clock_Ip_FracDiv.o
 .debug_aranges
                0x00000308       0x18 ./RTD/src/Clock_Ip_Frequency.o
 .debug_aranges
                0x00000320       0x38 ./RTD/src/Clock_Ip_Gate.o
 .debug_aranges
                0x00000358       0x58 ./RTD/src/Clock_Ip_IntOsc.o
 .debug_aranges
                0x000003b0       0x20 ./RTD/src/Clock_Ip_Irq.o
 .debug_aranges
                0x000003d0       0x70 ./RTD/src/Clock_Ip_Monitor.o
 .debug_aranges
                0x00000440       0x50 ./RTD/src/Clock_Ip_Pll.o
 .debug_aranges
                0x00000490       0x28 ./RTD/src/Clock_Ip_ProgFreqSwitch.o
 .debug_aranges
                0x000004b8       0x50 ./RTD/src/Clock_Ip_Selector.o
 .debug_aranges
                0x00000508       0x88 ./RTD/src/Clock_Ip_Specific.o
 .debug_aranges
                0x00000590       0x38 ./RTD/src/Det.o
 .debug_aranges
                0x000005c8       0x48 ./RTD/src/Det_stub.o
 .debug_aranges
                0x00000610       0xc0 ./RTD/src/Lpuart_Uart_Ip.o
 .debug_aranges
                0x000006d0       0x20 ./RTD/src/Lpuart_Uart_Ip_Irq.o
 .debug_aranges
                0x000006f0       0x80 ./RTD/src/Mpu_M7_Ip.o
 .debug_aranges
                0x00000770       0x40 ./RTD/src/OsIf_Timer.o
 .debug_aranges
                0x000007b0       0x40 ./RTD/src/OsIf_Timer_System.o
 .debug_aranges
                0x000007f0       0x30 ./RTD/src/OsIf_Timer_System_Internal_Systick.o
 .debug_aranges
                0x00000820       0x40 ./RTD/src/SchM_Dio.o
 .debug_aranges
                0x00000860      0x310 ./RTD/src/SchM_Mcl.o
 .debug_aranges
                0x00000b70       0x50 ./RTD/src/SchM_Mcu.o
 .debug_aranges
                0x00000bc0       0xd0 ./RTD/src/SchM_Port.o
 .debug_aranges
                0x00000c90       0xf0 ./RTD/src/SchM_Rm.o
 .debug_aranges
                0x00000d80       0xb0 ./RTD/src/SchM_Uart.o
 .debug_aranges
                0x00000e30       0x90 ./RTD/src/Sema42_Ip.o
 .debug_aranges
                0x00000ec0       0x68 ./RTD/src/Siul2_Dio_Ip.o
 .debug_aranges
                0x00000f28       0x58 ./RTD/src/Siul2_Port_Ip.o
 .debug_aranges
                0x00000f80       0x28 ./RTD/src/Tspc_Port_Ip.o
 .debug_aranges
                0x00000fa8       0x50 ./RTD/src/Xrdc_Ip.o
 .debug_aranges
                0x00000ff8       0x18 ./board/Clock_Ip_Cfg.o
 .debug_aranges
                0x00001010       0x18 ./board/Clock_Ip_PBcfg.o
 .debug_aranges
                0x00001028       0x18 ./board/Siul2_Port_Ip_Cfg.o
 .debug_aranges
                0x00001040       0x18 ./board/Tspc_Port_Ip_Cfg.o
 .debug_aranges
                0x00001058       0x18 ./generate/include/OsIf_Cfg.o
 .debug_aranges
                0x00001070       0x18 ./generate/src/Lpuart_Uart_Ip_Sa_BOARD_InitPeripherals_PBcfg.o
 .debug_aranges
                0x00001088       0x18 ./generate/src/Mpu_M7_Ip_Cfg.o
 .debug_aranges
                0x000010a0       0x18 ./generate/src/Xrdc_Ip_BOARD_InitPeripherals_PBcfg.o
 .debug_aranges
                0x000010b8       0x18 ./generate/src/Xrdc_Ip_Cfg.o
 .debug_aranges
                0x000010d0       0x20 ./src/main.o
 .debug_aranges
                0x000010f0       0x20 ./src/main_c0.o
 .debug_aranges
                0x00001110       0x20 ./src/main_c1.o

.debug_ranges   0x00000000     0x1490
 .debug_ranges  0x00000000       0x58 ./Project_Settings/Startup_Code/exceptions.o
 .debug_ranges  0x00000058       0x28 ./Project_Settings/Startup_Code/nvic.o
 .debug_ranges  0x00000080       0x10 ./Project_Settings/Startup_Code/startup.o
 .debug_ranges  0x00000090       0x20 ./Project_Settings/Startup_Code/startup_cm7.o
 .debug_ranges  0x000000b0       0x48 ./Project_Settings/Startup_Code/system.o
 .debug_ranges  0x000000f8       0xb8 ./RTD/src/Clock_Ip.o
 .debug_ranges  0x000001b0       0x28 ./RTD/src/Clock_Ip_Divider.o
 .debug_ranges  0x000001d8       0x20 ./RTD/src/Clock_Ip_DividerTrigger.o
 .debug_ranges  0x000001f8       0x48 ./RTD/src/Clock_Ip_ExtOsc.o
 .debug_ranges  0x00000240       0x18 ./RTD/src/Clock_Ip_FracDiv.o
 .debug_ranges  0x00000258       0x28 ./RTD/src/Clock_Ip_Gate.o
 .debug_ranges  0x00000280       0x48 ./RTD/src/Clock_Ip_IntOsc.o
 .debug_ranges  0x000002c8       0x10 ./RTD/src/Clock_Ip_Irq.o
 .debug_ranges  0x000002d8       0x60 ./RTD/src/Clock_Ip_Monitor.o
 .debug_ranges  0x00000338       0x40 ./RTD/src/Clock_Ip_Pll.o
 .debug_ranges  0x00000378       0x18 ./RTD/src/Clock_Ip_ProgFreqSwitch.o
 .debug_ranges  0x00000390       0x40 ./RTD/src/Clock_Ip_Selector.o
 .debug_ranges  0x000003d0       0xb0 ./RTD/src/Clock_Ip_Specific.o
 .debug_ranges  0x00000480       0x28 ./RTD/src/Det.o
 .debug_ranges  0x000004a8       0x38 ./RTD/src/Det_stub.o
 .debug_ranges  0x000004e0      0x3b0 ./RTD/src/Lpuart_Uart_Ip.o
 .debug_ranges  0x00000890       0x10 ./RTD/src/Lpuart_Uart_Ip_Irq.o
 .debug_ranges  0x000008a0       0xa0 ./RTD/src/Mpu_M7_Ip.o
 .debug_ranges  0x00000940       0x30 ./RTD/src/OsIf_Timer.o
 .debug_ranges  0x00000970       0x48 ./RTD/src/OsIf_Timer_System.o
 .debug_ranges  0x000009b8       0x20 ./RTD/src/OsIf_Timer_System_Internal_Systick.o
 .debug_ranges  0x000009d8       0x30 ./RTD/src/SchM_Dio.o
 .debug_ranges  0x00000a08      0x300 ./RTD/src/SchM_Mcl.o
 .debug_ranges  0x00000d08       0x40 ./RTD/src/SchM_Mcu.o
 .debug_ranges  0x00000d48       0xc0 ./RTD/src/SchM_Port.o
 .debug_ranges  0x00000e08       0xe0 ./RTD/src/SchM_Rm.o
 .debug_ranges  0x00000ee8       0xa0 ./RTD/src/SchM_Uart.o
 .debug_ranges  0x00000f88       0x80 ./RTD/src/Sema42_Ip.o
 .debug_ranges  0x00001008       0xe8 ./RTD/src/Siul2_Dio_Ip.o
 .debug_ranges  0x000010f0       0xd8 ./RTD/src/Siul2_Port_Ip.o
 .debug_ranges  0x000011c8       0x48 ./RTD/src/Tspc_Port_Ip.o
 .debug_ranges  0x00001210      0x168 ./RTD/src/Xrdc_Ip.o
 .debug_ranges  0x00001378       0x10 ./src/main.o
 .debug_ranges  0x00001388       0x18 ./src/main_c0.o
 .debug_ranges  0x000013a0       0xf0 c:/nxp/s32ds.3.4/s32ds/build_tools/gcc_v10.2/gcc-10.2-arm32-eabi/bin/../lib/gcc/arm-none-eabi/10.2.0/thumb/v7e-m+fp/hard\libgcc.a(_udivmoddi4.o)

.debug_macro    0x00000000    0x572a5
 .debug_macro   0x00000000      0x15b ./Project_Settings/Startup_Code/exceptions.o
 .debug_macro   0x0000015b      0xa8a ./Project_Settings/Startup_Code/exceptions.o
 .debug_macro   0x00000be5       0x22 ./Project_Settings/Startup_Code/exceptions.o
 .debug_macro   0x00000c07       0x56 ./Project_Settings/Startup_Code/exceptions.o
 .debug_macro   0x00000c5d       0x51 ./Project_Settings/Startup_Code/exceptions.o
 .debug_macro   0x00000cae      0x103 ./Project_Settings/Startup_Code/exceptions.o
 .debug_macro   0x00000db1       0x6a ./Project_Settings/Startup_Code/exceptions.o
 .debug_macro   0x00000e1b      0x1df ./Project_Settings/Startup_Code/exceptions.o
 .debug_macro   0x00000ffa       0x22 ./Project_Settings/Startup_Code/exceptions.o
 .debug_macro   0x0000101c      0x16d ./Project_Settings/Startup_Code/exceptions.o
 .debug_macro   0x00001189       0x84 ./Project_Settings/Startup_Code/exceptions.o
 .debug_macro   0x0000120d      0x98e ./Project_Settings/Startup_Code/exceptions.o
 .debug_macro   0x00001b9b       0x3b ./Project_Settings/Startup_Code/exceptions.o
 .debug_macro   0x00001bd6       0xa2 ./Project_Settings/Startup_Code/exceptions.o
 .debug_macro   0x00001c78       0x69 ./Project_Settings/Startup_Code/exceptions.o
 .debug_macro   0x00001ce1       0x88 ./Project_Settings/Startup_Code/exceptions.o
 .debug_macro   0x00001d69       0xca ./Project_Settings/Startup_Code/exceptions.o
 .debug_macro   0x00001e33      0x124 ./Project_Settings/Startup_Code/exceptions.o
 .debug_macro   0x00001f57       0x16 ./Project_Settings/Startup_Code/exceptions.o
 .debug_macro   0x00001f6d       0x7c ./Project_Settings/Startup_Code/exceptions.o
 .debug_macro   0x00001fe9      0x130 ./Project_Settings/Startup_Code/exceptions.o
 .debug_macro   0x00002119       0x88 ./Project_Settings/Startup_Code/exceptions.o
 .debug_macro   0x000021a1       0x58 ./Project_Settings/Startup_Code/exceptions.o
 .debug_macro   0x000021f9       0x7a ./Project_Settings/Startup_Code/exceptions.o
 .debug_macro   0x00002273       0x50 ./Project_Settings/Startup_Code/exceptions.o
 .debug_macro   0x000022c3       0x50 ./Project_Settings/Startup_Code/exceptions.o
 .debug_macro   0x00002313      0x384 ./Project_Settings/Startup_Code/nvic.o
 .debug_macro   0x00002697     0x51e9 ./Project_Settings/Startup_Code/nvic.o
 .debug_macro   0x00007880      0xba8 ./Project_Settings/Startup_Code/nvic.o
 .debug_macro   0x00008428     0x10a6 ./Project_Settings/Startup_Code/nvic.o
 .debug_macro   0x000094ce      0x180 ./Project_Settings/Startup_Code/nvic.o
 .debug_macro   0x0000964e       0xf8 ./Project_Settings/Startup_Code/nvic.o
 .debug_macro   0x00009746      0x370 ./Project_Settings/Startup_Code/nvic.o
 .debug_macro   0x00009ab6      0x158 ./Project_Settings/Startup_Code/nvic.o
 .debug_macro   0x00009c0e      0xd4e ./Project_Settings/Startup_Code/nvic.o
 .debug_macro   0x0000a95c     0x2819 ./Project_Settings/Startup_Code/nvic.o